<!doctype html public "-//w3c//dtd html 4.0 transitional//en">
<html><head>
<title>Static Call Graph - [TouchGFXTemplate\TouchGFXTemplate.axf]</title></head>
<body><HR>
<H1>Static Call Graph for image TouchGFXTemplate\TouchGFXTemplate.axf</H1><HR>
<BR><P>#&#060CALLGRAPH&#062# ARM Linker, 5060061: Last Updated: Mon Jul 05 13:37:38 2021
<BR><P>
<H3>Maximum Stack Usage =        696 bytes + Unknown(Functions without stacksize, Cycles, Untraceable Function Pointers)</H3><H3>
Call chain for Maximum Stack Depth:</H3>
touchgfx::GraphElementLine::drawCanvasWidget(const touchgfx::Rect&) const &rArr; touchgfx::Canvas::render(unsigned char) &rArr; bool touchgfx::Rasterizer::render&lang;touchgfx::Renderer&rang;(T1&) &rArr; touchgfx::Outline::getCells() &rArr; touchgfx::Outline::sortCells() &rArr; touchgfx::Outline::qsortCells(touchgfx::Cell*, unsigned) &rArr; touchgfx::swapCells(touchgfx::Cell*, touchgfx::Cell*)
<P>
<H3>
Functions with no stack information
</H3><UL>
 <LI><a href="#[1a7]">__user_initial_stackheap</a>
</UL>
</UL>
<P>
<H3>
Mutually Recursive functions
</H3> <LI><a href="#[91]">ADC3_IRQHandler</a>&nbsp;&nbsp;&nbsp;&rArr;&nbsp;&nbsp;&nbsp;<a href="#[91]">ADC3_IRQHandler</a><BR>
 <LI><a href="#[13]">BusFault_Handler</a>&nbsp;&nbsp;&nbsp;&rArr;&nbsp;&nbsp;&nbsp;<a href="#[13]">BusFault_Handler</a><BR>
 <LI><a href="#[11]">HardFault_Handler</a>&nbsp;&nbsp;&nbsp;&rArr;&nbsp;&nbsp;&nbsp;<a href="#[11]">HardFault_Handler</a><BR>
 <LI><a href="#[12]">MemManage_Handler</a>&nbsp;&nbsp;&nbsp;&rArr;&nbsp;&nbsp;&nbsp;<a href="#[12]">MemManage_Handler</a><BR>
 <LI><a href="#[10]">NMI_Handler</a>&nbsp;&nbsp;&nbsp;&rArr;&nbsp;&nbsp;&nbsp;<a href="#[10]">NMI_Handler</a><BR>
 <LI><a href="#[14]">UsageFault_Handler</a>&nbsp;&nbsp;&nbsp;&rArr;&nbsp;&nbsp;&nbsp;<a href="#[14]">UsageFault_Handler</a><BR>
 <LI><a href="#[28b]">touchgfx::muldivu(unsigned, unsigned, unsigned, unsigned&)</a>&nbsp;&nbsp;&nbsp;&rArr;&nbsp;&nbsp;&nbsp;<a href="#[28b]">touchgfx::muldivu(unsigned, unsigned, unsigned, unsigned&)</a><BR>
 <LI><a href="#[24c]">touchgfx::TouchCalibration::muldivu(unsigned, unsigned, unsigned, unsigned, unsigned, unsigned&)</a>&nbsp;&nbsp;&nbsp;&rArr;&nbsp;&nbsp;&nbsp;<a href="#[24c]">touchgfx::TouchCalibration::muldivu(unsigned, unsigned, unsigned, unsigned, unsigned, unsigned&)</a><BR>
 <LI><a href="#[284]">touchgfx::Screen::JSMOC(const touchgfx::Rect&, touchgfx::Drawable*)</a>&nbsp;&nbsp;&nbsp;&rArr;&nbsp;&nbsp;&nbsp;<a href="#[284]">touchgfx::Screen::JSMOC(const touchgfx::Rect&, touchgfx::Drawable*)</a><BR>
</UL>
<P>
<H3>
Function Pointers
</H3><UL>
 <LI><a href="#[91]">ADC3_IRQHandler</a> from startup_stm32h750xx.o(.text) referenced from startup_stm32h750xx.o(RESET)
 <LI><a href="#[2b]">ADC_IRQHandler</a> from startup_stm32h750xx.o(.text) referenced from startup_stm32h750xx.o(RESET)
 <LI><a href="#[93]">BDMA_Channel0_IRQHandler</a> from startup_stm32h750xx.o(.text) referenced from startup_stm32h750xx.o(RESET)
 <LI><a href="#[94]">BDMA_Channel1_IRQHandler</a> from startup_stm32h750xx.o(.text) referenced from startup_stm32h750xx.o(RESET)
 <LI><a href="#[95]">BDMA_Channel2_IRQHandler</a> from startup_stm32h750xx.o(.text) referenced from startup_stm32h750xx.o(RESET)
 <LI><a href="#[96]">BDMA_Channel3_IRQHandler</a> from startup_stm32h750xx.o(.text) referenced from startup_stm32h750xx.o(RESET)
 <LI><a href="#[97]">BDMA_Channel4_IRQHandler</a> from startup_stm32h750xx.o(.text) referenced from startup_stm32h750xx.o(RESET)
 <LI><a href="#[98]">BDMA_Channel5_IRQHandler</a> from startup_stm32h750xx.o(.text) referenced from startup_stm32h750xx.o(RESET)
 <LI><a href="#[99]">BDMA_Channel6_IRQHandler</a> from startup_stm32h750xx.o(.text) referenced from startup_stm32h750xx.o(RESET)
 <LI><a href="#[9a]">BDMA_Channel7_IRQHandler</a> from startup_stm32h750xx.o(.text) referenced from startup_stm32h750xx.o(RESET)
 <LI><a href="#[13]">BusFault_Handler</a> from stm32h7xx_it.o(i.BusFault_Handler) referenced from startup_stm32h750xx.o(RESET)
 <LI><a href="#[72]">CEC_IRQHandler</a> from startup_stm32h750xx.o(.text) referenced from startup_stm32h750xx.o(RESET)
 <LI><a href="#[9b]">COMP1_IRQHandler</a> from startup_stm32h750xx.o(.text) referenced from startup_stm32h750xx.o(RESET)
 <LI><a href="#[a1]">CRS_IRQHandler</a> from startup_stm32h750xx.o(.text) referenced from startup_stm32h750xx.o(RESET)
 <LI><a href="#[63]">CRYP_IRQHandler</a> from startup_stm32h750xx.o(.text) referenced from startup_stm32h750xx.o(RESET)
 <LI><a href="#[62]">DCMI_IRQHandler</a> from startup_stm32h750xx.o(.text) referenced from startup_stm32h750xx.o(RESET)
 <LI><a href="#[82]">DFSDM1_FLT0_IRQHandler</a> from startup_stm32h750xx.o(.text) referenced from startup_stm32h750xx.o(RESET)
 <LI><a href="#[83]">DFSDM1_FLT1_IRQHandler</a> from startup_stm32h750xx.o(.text) referenced from startup_stm32h750xx.o(RESET)
 <LI><a href="#[84]">DFSDM1_FLT2_IRQHandler</a> from startup_stm32h750xx.o(.text) referenced from startup_stm32h750xx.o(RESET)
 <LI><a href="#[85]">DFSDM1_FLT3_IRQHandler</a> from startup_stm32h750xx.o(.text) referenced from startup_stm32h750xx.o(RESET)
 <LI><a href="#[24]">DMA1_Stream0_IRQHandler</a> from startup_stm32h750xx.o(.text) referenced from startup_stm32h750xx.o(RESET)
 <LI><a href="#[25]">DMA1_Stream1_IRQHandler</a> from startup_stm32h750xx.o(.text) referenced from startup_stm32h750xx.o(RESET)
 <LI><a href="#[26]">DMA1_Stream2_IRQHandler</a> from startup_stm32h750xx.o(.text) referenced from startup_stm32h750xx.o(RESET)
 <LI><a href="#[27]">DMA1_Stream3_IRQHandler</a> from startup_stm32h750xx.o(.text) referenced from startup_stm32h750xx.o(RESET)
 <LI><a href="#[28]">DMA1_Stream4_IRQHandler</a> from startup_stm32h750xx.o(.text) referenced from startup_stm32h750xx.o(RESET)
 <LI><a href="#[29]">DMA1_Stream5_IRQHandler</a> from startup_stm32h750xx.o(.text) referenced from startup_stm32h750xx.o(RESET)
 <LI><a href="#[2a]">DMA1_Stream6_IRQHandler</a> from startup_stm32h750xx.o(.text) referenced from startup_stm32h750xx.o(RESET)
 <LI><a href="#[47]">DMA1_Stream7_IRQHandler</a> from startup_stm32h750xx.o(.text) referenced from startup_stm32h750xx.o(RESET)
 <LI><a href="#[6e]">DMA2D_IRQHandler</a> from stm32h7xx_it.o(i.DMA2D_IRQHandler) referenced from startup_stm32h750xx.o(RESET)
 <LI><a href="#[50]">DMA2_Stream0_IRQHandler</a> from startup_stm32h750xx.o(.text) referenced from startup_stm32h750xx.o(RESET)
 <LI><a href="#[51]">DMA2_Stream1_IRQHandler</a> from startup_stm32h750xx.o(.text) referenced from startup_stm32h750xx.o(RESET)
 <LI><a href="#[52]">DMA2_Stream2_IRQHandler</a> from startup_stm32h750xx.o(.text) referenced from startup_stm32h750xx.o(RESET)
 <LI><a href="#[53]">DMA2_Stream3_IRQHandler</a> from startup_stm32h750xx.o(.text) referenced from startup_stm32h750xx.o(RESET)
 <LI><a href="#[54]">DMA2_Stream4_IRQHandler</a> from startup_stm32h750xx.o(.text) referenced from startup_stm32h750xx.o(RESET)
 <LI><a href="#[58]">DMA2_Stream5_IRQHandler</a> from startup_stm32h750xx.o(.text) referenced from startup_stm32h750xx.o(RESET)
 <LI><a href="#[59]">DMA2_Stream6_IRQHandler</a> from startup_stm32h750xx.o(.text) referenced from startup_stm32h750xx.o(RESET)
 <LI><a href="#[5a]">DMA2_Stream7_IRQHandler</a> from startup_stm32h750xx.o(.text) referenced from startup_stm32h750xx.o(RESET)
 <LI><a href="#[7a]">DMAMUX1_OVR_IRQHandler</a> from startup_stm32h750xx.o(.text) referenced from startup_stm32h750xx.o(RESET)
 <LI><a href="#[92]">DMAMUX2_OVR_IRQHandler</a> from startup_stm32h750xx.o(.text) referenced from startup_stm32h750xx.o(RESET)
 <LI><a href="#[16]">DebugMon_Handler</a> from stm32h7xx_it.o(i.DebugMon_Handler) referenced from startup_stm32h750xx.o(RESET)
 <LI><a href="#[a2]">ECC_IRQHandler</a> from startup_stm32h750xx.o(.text) referenced from startup_stm32h750xx.o(RESET)
 <LI><a href="#[55]">ETH_IRQHandler</a> from startup_stm32h750xx.o(.text) referenced from startup_stm32h750xx.o(RESET)
 <LI><a href="#[56]">ETH_WKUP_IRQHandler</a> from startup_stm32h750xx.o(.text) referenced from startup_stm32h750xx.o(RESET)
 <LI><a href="#[1f]">EXTI0_IRQHandler</a> from startup_stm32h750xx.o(.text) referenced from startup_stm32h750xx.o(RESET)
 <LI><a href="#[41]">EXTI15_10_IRQHandler</a> from startup_stm32h750xx.o(.text) referenced from startup_stm32h750xx.o(RESET)
 <LI><a href="#[20]">EXTI1_IRQHandler</a> from startup_stm32h750xx.o(.text) referenced from startup_stm32h750xx.o(RESET)
 <LI><a href="#[21]">EXTI2_IRQHandler</a> from startup_stm32h750xx.o(.text) referenced from startup_stm32h750xx.o(RESET)
 <LI><a href="#[22]">EXTI3_IRQHandler</a> from startup_stm32h750xx.o(.text) referenced from startup_stm32h750xx.o(RESET)
 <LI><a href="#[23]">EXTI4_IRQHandler</a> from startup_stm32h750xx.o(.text) referenced from startup_stm32h750xx.o(RESET)
 <LI><a href="#[30]">EXTI9_5_IRQHandler</a> from startup_stm32h750xx.o(.text) referenced from startup_stm32h750xx.o(RESET)
 <LI><a href="#[2c]">FDCAN1_IT0_IRQHandler</a> from startup_stm32h750xx.o(.text) referenced from startup_stm32h750xx.o(RESET)
 <LI><a href="#[2e]">FDCAN1_IT1_IRQHandler</a> from startup_stm32h750xx.o(.text) referenced from startup_stm32h750xx.o(RESET)
 <LI><a href="#[2d]">FDCAN2_IT0_IRQHandler</a> from startup_stm32h750xx.o(.text) referenced from startup_stm32h750xx.o(RESET)
 <LI><a href="#[2f]">FDCAN2_IT1_IRQHandler</a> from startup_stm32h750xx.o(.text) referenced from startup_stm32h750xx.o(RESET)
 <LI><a href="#[57]">FDCAN_CAL_IRQHandler</a> from startup_stm32h750xx.o(.text) referenced from startup_stm32h750xx.o(RESET)
 <LI><a href="#[1d]">FLASH_IRQHandler</a> from startup_stm32h750xx.o(.text) referenced from startup_stm32h750xx.o(RESET)
 <LI><a href="#[48]">FMC_IRQHandler</a> from startup_stm32h750xx.o(.text) referenced from startup_stm32h750xx.o(RESET)
 <LI><a href="#[65]">FPU_IRQHandler</a> from startup_stm32h750xx.o(.text) referenced from startup_stm32h750xx.o(RESET)
 <LI><a href="#[64]">HASH_RNG_IRQHandler</a> from startup_stm32h750xx.o(.text) referenced from startup_stm32h750xx.o(RESET)
 <LI><a href="#[81]">HRTIM1_FLT_IRQHandler</a> from startup_stm32h750xx.o(.text) referenced from startup_stm32h750xx.o(RESET)
 <LI><a href="#[7b]">HRTIM1_Master_IRQHandler</a> from startup_stm32h750xx.o(.text) referenced from startup_stm32h750xx.o(RESET)
 <LI><a href="#[7c]">HRTIM1_TIMA_IRQHandler</a> from startup_stm32h750xx.o(.text) referenced from startup_stm32h750xx.o(RESET)
 <LI><a href="#[7d]">HRTIM1_TIMB_IRQHandler</a> from startup_stm32h750xx.o(.text) referenced from startup_stm32h750xx.o(RESET)
 <LI><a href="#[7e]">HRTIM1_TIMC_IRQHandler</a> from startup_stm32h750xx.o(.text) referenced from startup_stm32h750xx.o(RESET)
 <LI><a href="#[7f]">HRTIM1_TIMD_IRQHandler</a> from startup_stm32h750xx.o(.text) referenced from startup_stm32h750xx.o(RESET)
 <LI><a href="#[80]">HRTIM1_TIME_IRQHandler</a> from startup_stm32h750xx.o(.text) referenced from startup_stm32h750xx.o(RESET)
 <LI><a href="#[90]">HSEM1_IRQHandler</a> from startup_stm32h750xx.o(.text) referenced from startup_stm32h750xx.o(RESET)
 <LI><a href="#[11]">HardFault_Handler</a> from stm32h7xx_it.o(i.HardFault_Handler) referenced from startup_stm32h750xx.o(RESET)
 <LI><a href="#[39]">I2C1_ER_IRQHandler</a> from startup_stm32h750xx.o(.text) referenced from startup_stm32h750xx.o(RESET)
 <LI><a href="#[38]">I2C1_EV_IRQHandler</a> from startup_stm32h750xx.o(.text) referenced from startup_stm32h750xx.o(RESET)
 <LI><a href="#[3b]">I2C2_ER_IRQHandler</a> from startup_stm32h750xx.o(.text) referenced from startup_stm32h750xx.o(RESET)
 <LI><a href="#[3a]">I2C2_EV_IRQHandler</a> from startup_stm32h750xx.o(.text) referenced from startup_stm32h750xx.o(RESET)
 <LI><a href="#[5d]">I2C3_ER_IRQHandler</a> from startup_stm32h750xx.o(.text) referenced from startup_stm32h750xx.o(RESET)
 <LI><a href="#[5c]">I2C3_EV_IRQHandler</a> from startup_stm32h750xx.o(.text) referenced from startup_stm32h750xx.o(RESET)
 <LI><a href="#[74]">I2C4_ER_IRQHandler</a> from startup_stm32h750xx.o(.text) referenced from startup_stm32h750xx.o(RESET)
 <LI><a href="#[73]">I2C4_EV_IRQHandler</a> from startup_stm32h750xx.o(.text) referenced from startup_stm32h750xx.o(RESET)
 <LI><a href="#[8d]">JPEG_IRQHandler</a> from startup_stm32h750xx.o(.text) referenced from startup_stm32h750xx.o(RESET)
 <LI><a href="#[71]">LPTIM1_IRQHandler</a> from startup_stm32h750xx.o(.text) referenced from startup_stm32h750xx.o(RESET)
 <LI><a href="#[9c]">LPTIM2_IRQHandler</a> from startup_stm32h750xx.o(.text) referenced from startup_stm32h750xx.o(RESET)
 <LI><a href="#[9d]">LPTIM3_IRQHandler</a> from startup_stm32h750xx.o(.text) referenced from startup_stm32h750xx.o(RESET)
 <LI><a href="#[9e]">LPTIM4_IRQHandler</a> from startup_stm32h750xx.o(.text) referenced from startup_stm32h750xx.o(RESET)
 <LI><a href="#[9f]">LPTIM5_IRQHandler</a> from startup_stm32h750xx.o(.text) referenced from startup_stm32h750xx.o(RESET)
 <LI><a href="#[a0]">LPUART1_IRQHandler</a> from startup_stm32h750xx.o(.text) referenced from startup_stm32h750xx.o(RESET)
 <LI><a href="#[6d]">LTDC_ER_IRQHandler</a> from startup_stm32h750xx.o(.text) referenced from startup_stm32h750xx.o(RESET)
 <LI><a href="#[6c]">LTDC_IRQHandler</a> from stm32h7xx_it.o(i.LTDC_IRQHandler) referenced from startup_stm32h750xx.o(RESET)
 <LI><a href="#[8c]">MDIOS_IRQHandler</a> from startup_stm32h750xx.o(.text) referenced from startup_stm32h750xx.o(RESET)
 <LI><a href="#[8b]">MDIOS_WKUP_IRQHandler</a> from startup_stm32h750xx.o(.text) referenced from startup_stm32h750xx.o(RESET)
 <LI><a href="#[8e]">MDMA_IRQHandler</a> from startup_stm32h750xx.o(.text) referenced from startup_stm32h750xx.o(RESET)
 <LI><a href="#[12]">MemManage_Handler</a> from stm32h7xx_it.o(i.MemManage_Handler) referenced from startup_stm32h750xx.o(RESET)
 <LI><a href="#[10]">NMI_Handler</a> from stm32h7xx_it.o(i.NMI_Handler) referenced from startup_stm32h750xx.o(RESET)
 <LI><a href="#[77]">OTG_FS_EP1_IN_IRQHandler</a> from startup_stm32h750xx.o(.text) referenced from startup_stm32h750xx.o(RESET)
 <LI><a href="#[76]">OTG_FS_EP1_OUT_IRQHandler</a> from startup_stm32h750xx.o(.text) referenced from startup_stm32h750xx.o(RESET)
 <LI><a href="#[79]">OTG_FS_IRQHandler</a> from startup_stm32h750xx.o(.text) referenced from startup_stm32h750xx.o(RESET)
 <LI><a href="#[78]">OTG_FS_WKUP_IRQHandler</a> from startup_stm32h750xx.o(.text) referenced from startup_stm32h750xx.o(RESET)
 <LI><a href="#[5f]">OTG_HS_EP1_IN_IRQHandler</a> from startup_stm32h750xx.o(.text) referenced from startup_stm32h750xx.o(RESET)
 <LI><a href="#[5e]">OTG_HS_EP1_OUT_IRQHandler</a> from startup_stm32h750xx.o(.text) referenced from startup_stm32h750xx.o(RESET)
 <LI><a href="#[61]">OTG_HS_IRQHandler</a> from startup_stm32h750xx.o(.text) referenced from startup_stm32h750xx.o(RESET)
 <LI><a href="#[60]">OTG_HS_WKUP_IRQHandler</a> from startup_stm32h750xx.o(.text) referenced from startup_stm32h750xx.o(RESET)
 <LI><a href="#[1a]">PVD_AVD_IRQHandler</a> from startup_stm32h750xx.o(.text) referenced from startup_stm32h750xx.o(RESET)
 <LI><a href="#[17]">PendSV_Handler</a> from stm32h7xx_it.o(i.PendSV_Handler) referenced from startup_stm32h750xx.o(RESET)
 <LI><a href="#[70]">QUADSPI_IRQHandler</a> from startup_stm32h750xx.o(.text) referenced from startup_stm32h750xx.o(RESET)
 <LI><a href="#[1e]">RCC_IRQHandler</a> from startup_stm32h750xx.o(.text) referenced from startup_stm32h750xx.o(RESET)
 <LI><a href="#[42]">RTC_Alarm_IRQHandler</a> from startup_stm32h750xx.o(.text) referenced from startup_stm32h750xx.o(RESET)
 <LI><a href="#[1c]">RTC_WKUP_IRQHandler</a> from startup_stm32h750xx.o(.text) referenced from startup_stm32h750xx.o(RESET)
 <LI><a href="#[f]">Reset_Handler</a> from startup_stm32h750xx.o(.text) referenced from startup_stm32h750xx.o(RESET)
 <LI><a href="#[6b]">SAI1_IRQHandler</a> from startup_stm32h750xx.o(.text) referenced from startup_stm32h750xx.o(RESET)
 <LI><a href="#[6f]">SAI2_IRQHandler</a> from startup_stm32h750xx.o(.text) referenced from startup_stm32h750xx.o(RESET)
 <LI><a href="#[86]">SAI3_IRQHandler</a> from startup_stm32h750xx.o(.text) referenced from startup_stm32h750xx.o(RESET)
 <LI><a href="#[a3]">SAI4_IRQHandler</a> from startup_stm32h750xx.o(.text) referenced from startup_stm32h750xx.o(RESET)
 <LI><a href="#[49]">SDMMC1_IRQHandler</a> from startup_stm32h750xx.o(.text) referenced from startup_stm32h750xx.o(RESET)
 <LI><a href="#[8f]">SDMMC2_IRQHandler</a> from startup_stm32h750xx.o(.text) referenced from startup_stm32h750xx.o(RESET)
 <LI><a href="#[75]">SPDIF_RX_IRQHandler</a> from startup_stm32h750xx.o(.text) referenced from startup_stm32h750xx.o(RESET)
 <LI><a href="#[3c]">SPI1_IRQHandler</a> from startup_stm32h750xx.o(.text) referenced from startup_stm32h750xx.o(RESET)
 <LI><a href="#[3d]">SPI2_IRQHandler</a> from startup_stm32h750xx.o(.text) referenced from startup_stm32h750xx.o(RESET)
 <LI><a href="#[4b]">SPI3_IRQHandler</a> from startup_stm32h750xx.o(.text) referenced from startup_stm32h750xx.o(RESET)
 <LI><a href="#[68]">SPI4_IRQHandler</a> from startup_stm32h750xx.o(.text) referenced from startup_stm32h750xx.o(RESET)
 <LI><a href="#[69]">SPI5_IRQHandler</a> from startup_stm32h750xx.o(.text) referenced from startup_stm32h750xx.o(RESET)
 <LI><a href="#[6a]">SPI6_IRQHandler</a> from startup_stm32h750xx.o(.text) referenced from startup_stm32h750xx.o(RESET)
 <LI><a href="#[15]">SVC_Handler</a> from stm32h7xx_it.o(i.SVC_Handler) referenced from startup_stm32h750xx.o(RESET)
 <LI><a href="#[87]">SWPMI1_IRQHandler</a> from startup_stm32h750xx.o(.text) referenced from startup_stm32h750xx.o(RESET)
 <LI><a href="#[18]">SysTick_Handler</a> from stm32h7xx_it.o(i.SysTick_Handler) referenced from startup_stm32h750xx.o(RESET)
 <LI><a href="#[a5]">SystemInit</a> from system_stm32h7xx.o(i.SystemInit) referenced from startup_stm32h750xx.o(.text)
 <LI><a href="#[1b]">TAMP_STAMP_IRQHandler</a> from startup_stm32h750xx.o(.text) referenced from startup_stm32h750xx.o(RESET)
 <LI><a href="#[88]">TIM15_IRQHandler</a> from startup_stm32h750xx.o(.text) referenced from startup_stm32h750xx.o(RESET)
 <LI><a href="#[89]">TIM16_IRQHandler</a> from startup_stm32h750xx.o(.text) referenced from startup_stm32h750xx.o(RESET)
 <LI><a href="#[8a]">TIM17_IRQHandler</a> from startup_stm32h750xx.o(.text) referenced from startup_stm32h750xx.o(RESET)
 <LI><a href="#[31]">TIM1_BRK_IRQHandler</a> from startup_stm32h750xx.o(.text) referenced from startup_stm32h750xx.o(RESET)
 <LI><a href="#[34]">TIM1_CC_IRQHandler</a> from startup_stm32h750xx.o(.text) referenced from startup_stm32h750xx.o(RESET)
 <LI><a href="#[33]">TIM1_TRG_COM_IRQHandler</a> from startup_stm32h750xx.o(.text) referenced from startup_stm32h750xx.o(RESET)
 <LI><a href="#[32]">TIM1_UP_IRQHandler</a> from startup_stm32h750xx.o(.text) referenced from startup_stm32h750xx.o(RESET)
 <LI><a href="#[35]">TIM2_IRQHandler</a> from startup_stm32h750xx.o(.text) referenced from startup_stm32h750xx.o(RESET)
 <LI><a href="#[36]">TIM3_IRQHandler</a> from startup_stm32h750xx.o(.text) referenced from startup_stm32h750xx.o(RESET)
 <LI><a href="#[37]">TIM4_IRQHandler</a> from startup_stm32h750xx.o(.text) referenced from startup_stm32h750xx.o(RESET)
 <LI><a href="#[4a]">TIM5_IRQHandler</a> from startup_stm32h750xx.o(.text) referenced from startup_stm32h750xx.o(RESET)
 <LI><a href="#[4e]">TIM6_DAC_IRQHandler</a> from startup_stm32h750xx.o(.text) referenced from startup_stm32h750xx.o(RESET)
 <LI><a href="#[4f]">TIM7_IRQHandler</a> from startup_stm32h750xx.o(.text) referenced from startup_stm32h750xx.o(RESET)
 <LI><a href="#[43]">TIM8_BRK_TIM12_IRQHandler</a> from startup_stm32h750xx.o(.text) referenced from startup_stm32h750xx.o(RESET)
 <LI><a href="#[46]">TIM8_CC_IRQHandler</a> from startup_stm32h750xx.o(.text) referenced from startup_stm32h750xx.o(RESET)
 <LI><a href="#[45]">TIM8_TRG_COM_TIM14_IRQHandler</a> from startup_stm32h750xx.o(.text) referenced from startup_stm32h750xx.o(RESET)
 <LI><a href="#[44]">TIM8_UP_TIM13_IRQHandler</a> from startup_stm32h750xx.o(.text) referenced from startup_stm32h750xx.o(RESET)
 <LI><a href="#[4c]">UART4_IRQHandler</a> from startup_stm32h750xx.o(.text) referenced from startup_stm32h750xx.o(RESET)
 <LI><a href="#[4d]">UART5_IRQHandler</a> from startup_stm32h750xx.o(.text) referenced from startup_stm32h750xx.o(RESET)
 <LI><a href="#[66]">UART7_IRQHandler</a> from startup_stm32h750xx.o(.text) referenced from startup_stm32h750xx.o(RESET)
 <LI><a href="#[67]">UART8_IRQHandler</a> from startup_stm32h750xx.o(.text) referenced from startup_stm32h750xx.o(RESET)
 <LI><a href="#[3e]">USART1_IRQHandler</a> from startup_stm32h750xx.o(.text) referenced from startup_stm32h750xx.o(RESET)
 <LI><a href="#[3f]">USART2_IRQHandler</a> from startup_stm32h750xx.o(.text) referenced from startup_stm32h750xx.o(RESET)
 <LI><a href="#[40]">USART3_IRQHandler</a> from startup_stm32h750xx.o(.text) referenced from startup_stm32h750xx.o(RESET)
 <LI><a href="#[5b]">USART6_IRQHandler</a> from startup_stm32h750xx.o(.text) referenced from startup_stm32h750xx.o(RESET)
 <LI><a href="#[14]">UsageFault_Handler</a> from stm32h7xx_it.o(i.UsageFault_Handler) referenced from startup_stm32h750xx.o(RESET)
 <LI><a href="#[a4]">WAKEUP_PIN_IRQHandler</a> from startup_stm32h750xx.o(.text) referenced from startup_stm32h750xx.o(RESET)
 <LI><a href="#[19]">WWDG_IRQHandler</a> from startup_stm32h750xx.o(.text) referenced from startup_stm32h750xx.o(RESET)
 <LI><a href="#[a8]">DMA2D_XferCpltCallback(__DMA2D_HandleTypeDef*)</a> from stm32dma.o(i._Z22DMA2D_XferCpltCallbackP21__DMA2D_HandleTypeDef) referenced from stm32dma.o(i._ZN10STM32H7DMA10initializeEv)
 <LI><a href="#[d5]">STM32H7DMA::getDMAType()</a> from stm32dma.o(i._ZN10STM32H7DMA10getDMATypeEv) referenced from stm32dma.o(.constdata__ZTV10STM32H7DMA)
 <LI><a href="#[d2]">STM32H7DMA::initialize()</a> from stm32dma.o(i._ZN10STM32H7DMA10initializeEv) referenced from stm32dma.o(.constdata__ZTV10STM32H7DMA)
 <LI><a href="#[cf]">STM32H7DMA::getBlitCaps()</a> from stm32dma.o(i._ZN10STM32H7DMA11getBlitCapsEv) referenced from stm32dma.o(.constdata__ZTV10STM32H7DMA)
 <LI><a href="#[d9]">STM32H7DMA::setupDataCopy(const touchgfx::BlitOp&)</a> from stm32dma.o(i._ZN10STM32H7DMA13setupDataCopyERKN8touchgfx6BlitOpE) referenced from stm32dma.o(.constdata__ZTV10STM32H7DMA)
 <LI><a href="#[da]">STM32H7DMA::setupDataFill(const touchgfx::BlitOp&)</a> from stm32dma.o(i._ZN10STM32H7DMA13setupDataFillERKN8touchgfx6BlitOpE) referenced from stm32dma.o(.constdata__ZTV10STM32H7DMA)
 <LI><a href="#[d4]">STM32H7DMA::signalDMAInterrupt()</a> from stm32dma.o(i._ZN10STM32H7DMA18signalDMAInterruptEv) referenced from stm32dma.o(.constdata__ZTV10STM32H7DMA)
 <LI><a href="#[c8]">STM32H7DMA::~STM32H7DMA()</a> from stm32dma.o(i._ZN10STM32H7DMAD1Ev) referenced from stm32dma.o(.constdata__ZTV10STM32H7DMA)
 <LI><a href="#[c8]">STM32H7DMA::~STM32H7DMA()</a> from stm32dma.o(i._ZN10STM32H7DMAD1Ev) referenced from touchgfxconfiguration.o(i.__sti___25_TouchGFXConfiguration_cpp_f5abfd34)
 <LI><a href="#[e0]">screenView::setupScreen()</a> from screenview.o(i._ZN10screenView11setupScreenEv) referenced from screenview.o(.constdata__ZTV10screenView)
 <LI><a href="#[e2]">screenView::tearDownScreen()</a> from screenview.o(i._ZN10screenView14tearDownScreenEv) referenced from screenview.o(.constdata__ZTV10screenView)
 <LI><a href="#[de]">screenView::~screenView()</a> from screenview.o(i._ZN10screenViewD1Ev) referenced from screenview.o(.constdata__ZTV10screenView)
 <LI><a href="#[f7]">TouchGFXHAL::enableInterrupts()</a> from touchgfxhal.o(i._ZN11TouchGFXHAL16enableInterruptsEv) referenced from touchgfxhal.o(.constdata__ZTV11TouchGFXHAL)
 <LI><a href="#[e9]">TouchGFXHAL::flushFrameBuffer(const touchgfx::Rect&)</a> from touchgfxhal.o(i._ZN11TouchGFXHAL16flushFrameBufferERKN8touchgfx4RectE) referenced from touchgfxhal.o(.constdata__ZTV11TouchGFXHAL)
 <LI><a href="#[f8]">TouchGFXHAL::disableInterrupts()</a> from touchgfxhal.o(i._ZN11TouchGFXHAL17disableInterruptsEv) referenced from touchgfxhal.o(.constdata__ZTV11TouchGFXHAL)
 <LI><a href="#[102]">TouchGFXHAL::setTFTFrameBuffer(unsigned short*)</a> from touchgfxhal.o(i._ZN11TouchGFXHAL17setTFTFrameBufferEPt) referenced from touchgfxhal.o(.constdata__ZTV11TouchGFXHAL)
 <LI><a href="#[f6]">TouchGFXHAL::configureInterrupts()</a> from touchgfxhal.o(i._ZN11TouchGFXHAL19configureInterruptsEv) referenced from touchgfxhal.o(.constdata__ZTV11TouchGFXHAL)
 <LI><a href="#[f9]">TouchGFXHAL::enableLCDControllerInterrupt()</a> from touchgfxhal.o(i._ZN11TouchGFXHAL28enableLCDControllerInterruptEv) referenced from touchgfxhal.o(.constdata__ZTV11TouchGFXHAL)
 <LI><a href="#[ef]">TouchGFXHAL::blockCopy(void*, const void*, unsigned)</a> from touchgfxhal.o(i._ZN11TouchGFXHAL9blockCopyEPvPKvj) referenced from touchgfxhal.o(.constdata__ZTV11TouchGFXHAL)
 <LI><a href="#[cb]">TouchGFXHAL::~TouchGFXHAL()</a> from touchgfxhal.o(i._ZN11TouchGFXHALD1Ev) referenced from touchgfxhal.o(.constdata__ZTV11TouchGFXHAL)
 <LI><a href="#[cb]">TouchGFXHAL::~TouchGFXHAL()</a> from touchgfxhal.o(i._ZN11TouchGFXHALD1Ev) referenced from touchgfxconfiguration.o(i.__sti___25_TouchGFXConfiguration_cpp_f5abfd34)
 <LI><a href="#[cc]">FrontendHeap::~FrontendHeap()</a> from touchgfxconfiguration.o(i._ZN12FrontendHeapD1Ev) referenced from touchgfxconfiguration.o(.constdata__ZTV12FrontendHeap)
 <LI><a href="#[cc]">FrontendHeap::~FrontendHeap()</a> from touchgfxconfiguration.o(i._ZN12FrontendHeapD1Ev) referenced from touchgfxconfiguration.o(i.touchgfx_init)
 <LI><a href="#[109]">screenViewBase::setupScreen()</a> from screenviewbase.o(i._ZN14screenViewBase11setupScreenEv) referenced from screenviewbase.o(.constdata__ZTV14screenViewBase)
 <LI><a href="#[108]">screenViewBase::~screenViewBase()</a> from screenviewbase.o(i._ZN14screenViewBaseD1Ev) referenced from screenviewbase.o(.constdata__ZTV14screenViewBase)
 <LI><a href="#[10c]">screenPresenter::deactivate()</a> from screenpresenter.o(i._ZN15screenPresenter10deactivateEv) referenced from screenpresenter.o(.constdata__ZTV15screenPresenter)
 <LI><a href="#[10b]">screenPresenter::activate()</a> from screenpresenter.o(i._ZN15screenPresenter8activateEv) referenced from screenpresenter.o(.constdata__ZTV15screenPresenter)
 <LI><a href="#[10d]">screenPresenter::~screenPresenter()</a> from screenpresenter.o(i._ZN15screenPresenterD1Ev) referenced from screenpresenter.o(.constdata__ZTV15screenPresenter)
 <LI><a href="#[112]">FrontendApplication::handleTickEvent()</a> from frontendapplication.o(i._ZN19FrontendApplication15handleTickEventEv) referenced from frontendapplication.o(.constdata__ZTV19FrontendApplication)
 <LI><a href="#[118]">STM32TouchController::sampleTouch(int&, int&)</a> from stm32touchcontroller.o(i._ZN20STM32TouchController11sampleTouchERiS0_) referenced from stm32touchcontroller.o(.constdata__ZTV20STM32TouchController)
 <LI><a href="#[117]">STM32TouchController::init()</a> from stm32touchcontroller.o(i._ZN20STM32TouchController4initEv) referenced from stm32touchcontroller.o(.constdata__ZTV20STM32TouchController)
 <LI><a href="#[c7]">STM32TouchController::~STM32TouchController()</a> from stm32touchcontroller.o(i._ZN20STM32TouchControllerD1Ev) referenced from stm32touchcontroller.o(.constdata__ZTV20STM32TouchController)
 <LI><a href="#[c7]">STM32TouchController::~STM32TouchController()</a> from stm32touchcontroller.o(i._ZN20STM32TouchControllerD1Ev) referenced from touchgfxconfiguration.o(i.__sti___25_TouchGFXConfiguration_cpp_f5abfd34)
 <LI><a href="#[107]">TouchGFXGeneratedHAL::FlushCache()</a> from touchgfxgeneratedhal.o(i._ZN20TouchGFXGeneratedHAL10FlushCacheEv) referenced from touchgfxhal.o(.constdata__ZTV11TouchGFXHAL)
 <LI><a href="#[106]">TouchGFXGeneratedHAL::InvalidateCache()</a> from touchgfxgeneratedhal.o(i._ZN20TouchGFXGeneratedHAL15InvalidateCacheEv) referenced from touchgfxhal.o(.constdata__ZTV11TouchGFXHAL)
 <LI><a href="#[fd]">TouchGFXGeneratedHAL::getTFTCurrentLine()</a> from touchgfxgeneratedhal.o(i._ZN20TouchGFXGeneratedHAL17getTFTCurrentLineEv) referenced from touchgfxhal.o(.constdata__ZTV11TouchGFXHAL)
 <LI><a href="#[ca]">ApplicationFontProvider::~ApplicationFontProvider()</a> from touchgfxconfiguration.o(i._ZN23ApplicationFontProviderD1Ev) referenced from applicationfontprovider.o(.constdata__ZTV23ApplicationFontProvider)
 <LI><a href="#[ca]">ApplicationFontProvider::~ApplicationFontProvider()</a> from touchgfxconfiguration.o(i._ZN23ApplicationFontProviderD1Ev) referenced from touchgfxconfiguration.o(i.__sti___25_TouchGFXConfiguration_cpp_f5abfd34)
 <LI><a href="#[ce]">FrontendApplicationBase::gotoscreenScreenNoTransitionImpl()</a> from frontendapplicationbase.o(i._ZN23FrontendApplicationBase32gotoscreenScreenNoTransitionImplEv) referenced from frontendapplicationbase.o(.constdata)
 <LI><a href="#[11a]">FrontendApplicationBase::~FrontendApplicationBase()</a> from touchgfxconfiguration.o(i._ZN23FrontendApplicationBaseD1Ev) referenced from touchgfxconfiguration.o(.constdata__ZTV23FrontendApplicationBase)
 <LI><a href="#[aa]">touchgfx::OSWrappers::taskDelay(unsigned short)</a> from oswrappers.o(i._ZN8touchgfx10OSWrappers9taskDelayEt) referenced from touchgfxgeneratedhal.o(i._ZN20TouchGFXGeneratedHAL10initializeEv)
 <LI><a href="#[135]">touchgfx::Transition::invalidate()</a> from frontendapplicationbase.o(i._ZN8touchgfx10Transition10invalidateEv) referenced from frontendapplicationbase.o(.constdata__ZTVN8touchgfx12NoTransitionE)
 <LI><a href="#[136]">touchgfx::Transition::setScreenContainer(touchgfx::Container&)</a> from frontendapplicationbase.o(i._ZN8touchgfx10Transition18setScreenContainerERNS_9ContainerE) referenced from frontendapplicationbase.o(.constdata__ZTVN8touchgfx12NoTransitionE)
 <LI><a href="#[134]">touchgfx::Transition::init()</a> from frontendapplicationbase.o(i._ZN8touchgfx10Transition4initEv) referenced from frontendapplicationbase.o(.constdata__ZTVN8touchgfx12NoTransitionE)
 <LI><a href="#[133]">touchgfx::Transition::tearDown()</a> from frontendapplicationbase.o(i._ZN8touchgfx10Transition8tearDownEv) referenced from frontendapplicationbase.o(.constdata__ZTVN8touchgfx12NoTransitionE)
 <LI><a href="#[111]">touchgfx::Application::handleKeyEvent(unsigned char)</a> from application.o(i._ZN8touchgfx11Application14handleKeyEventEh) referenced from frontendapplication.o(.constdata__ZTV19FrontendApplication)
 <LI><a href="#[111]">touchgfx::Application::handleKeyEvent(unsigned char)</a> from application.o(i._ZN8touchgfx11Application14handleKeyEventEh) referenced from touchgfxconfiguration.o(.constdata__ZTV23FrontendApplicationBase)
 <LI><a href="#[111]">touchgfx::Application::handleKeyEvent(unsigned char)</a> from application.o(i._ZN8touchgfx11Application14handleKeyEventEh) referenced from application.o(.constdata__ZTVN8touchgfx11ApplicationE)
 <LI><a href="#[111]">touchgfx::Application::handleKeyEvent(unsigned char)</a> from application.o(i._ZN8touchgfx11Application14handleKeyEventEh) referenced from frontendapplicationbase.o(.constdata__ZTVN8touchgfx14MVPApplicationE)
 <LI><a href="#[10f]">touchgfx::Application::handleDragEvent(const touchgfx::DragEvent&)</a> from application.o(i._ZN8touchgfx11Application15handleDragEventERKNS_9DragEventE) referenced from frontendapplication.o(.constdata__ZTV19FrontendApplication)
 <LI><a href="#[10f]">touchgfx::Application::handleDragEvent(const touchgfx::DragEvent&)</a> from application.o(i._ZN8touchgfx11Application15handleDragEventERKNS_9DragEventE) referenced from touchgfxconfiguration.o(.constdata__ZTV23FrontendApplicationBase)
 <LI><a href="#[10f]">touchgfx::Application::handleDragEvent(const touchgfx::DragEvent&)</a> from application.o(i._ZN8touchgfx11Application15handleDragEventERKNS_9DragEventE) referenced from application.o(.constdata__ZTVN8touchgfx11ApplicationE)
 <LI><a href="#[10f]">touchgfx::Application::handleDragEvent(const touchgfx::DragEvent&)</a> from application.o(i._ZN8touchgfx11Application15handleDragEventERKNS_9DragEventE) referenced from frontendapplicationbase.o(.constdata__ZTVN8touchgfx14MVPApplicationE)
 <LI><a href="#[119]">touchgfx::Application::handleTickEvent()</a> from application.o(i._ZN8touchgfx11Application15handleTickEventEv) referenced from touchgfxconfiguration.o(.constdata__ZTV23FrontendApplicationBase)
 <LI><a href="#[119]">touchgfx::Application::handleTickEvent()</a> from application.o(i._ZN8touchgfx11Application15handleTickEventEv) referenced from application.o(.constdata__ZTVN8touchgfx11ApplicationE)
 <LI><a href="#[119]">touchgfx::Application::handleTickEvent()</a> from application.o(i._ZN8touchgfx11Application15handleTickEventEv) referenced from frontendapplicationbase.o(.constdata__ZTVN8touchgfx14MVPApplicationE)
 <LI><a href="#[10e]">touchgfx::Application::handleClickEvent(const touchgfx::ClickEvent&)</a> from application.o(i._ZN8touchgfx11Application16handleClickEventERKNS_10ClickEventE) referenced from frontendapplication.o(.constdata__ZTV19FrontendApplication)
 <LI><a href="#[10e]">touchgfx::Application::handleClickEvent(const touchgfx::ClickEvent&)</a> from application.o(i._ZN8touchgfx11Application16handleClickEventERKNS_10ClickEventE) referenced from touchgfxconfiguration.o(.constdata__ZTV23FrontendApplicationBase)
 <LI><a href="#[10e]">touchgfx::Application::handleClickEvent(const touchgfx::ClickEvent&)</a> from application.o(i._ZN8touchgfx11Application16handleClickEventERKNS_10ClickEventE) referenced from application.o(.constdata__ZTVN8touchgfx11ApplicationE)
 <LI><a href="#[10e]">touchgfx::Application::handleClickEvent(const touchgfx::ClickEvent&)</a> from application.o(i._ZN8touchgfx11Application16handleClickEventERKNS_10ClickEventE) referenced from frontendapplicationbase.o(.constdata__ZTVN8touchgfx14MVPApplicationE)
 <LI><a href="#[110]">touchgfx::Application::handleGestureEvent(const touchgfx::GestureEvent&)</a> from application.o(i._ZN8touchgfx11Application18handleGestureEventERKNS_12GestureEventE) referenced from frontendapplication.o(.constdata__ZTV19FrontendApplication)
 <LI><a href="#[110]">touchgfx::Application::handleGestureEvent(const touchgfx::GestureEvent&)</a> from application.o(i._ZN8touchgfx11Application18handleGestureEventERKNS_12GestureEventE) referenced from touchgfxconfiguration.o(.constdata__ZTV23FrontendApplicationBase)
 <LI><a href="#[110]">touchgfx::Application::handleGestureEvent(const touchgfx::GestureEvent&)</a> from application.o(i._ZN8touchgfx11Application18handleGestureEventERKNS_12GestureEventE) referenced from application.o(.constdata__ZTVN8touchgfx11ApplicationE)
 <LI><a href="#[110]">touchgfx::Application::handleGestureEvent(const touchgfx::GestureEvent&)</a> from application.o(i._ZN8touchgfx11Application18handleGestureEventERKNS_12GestureEventE) referenced from frontendapplicationbase.o(.constdata__ZTVN8touchgfx14MVPApplicationE)
 <LI><a href="#[116]">touchgfx::Application::cacheDrawOperations(bool)</a> from application.o(i._ZN8touchgfx11Application19cacheDrawOperationsEb) referenced from frontendapplication.o(.constdata__ZTV19FrontendApplication)
 <LI><a href="#[116]">touchgfx::Application::cacheDrawOperations(bool)</a> from application.o(i._ZN8touchgfx11Application19cacheDrawOperationsEb) referenced from touchgfxconfiguration.o(.constdata__ZTV23FrontendApplicationBase)
 <LI><a href="#[116]">touchgfx::Application::cacheDrawOperations(bool)</a> from application.o(i._ZN8touchgfx11Application19cacheDrawOperationsEb) referenced from application.o(.constdata__ZTVN8touchgfx11ApplicationE)
 <LI><a href="#[116]">touchgfx::Application::cacheDrawOperations(bool)</a> from application.o(i._ZN8touchgfx11Application19cacheDrawOperationsEb) referenced from frontendapplicationbase.o(.constdata__ZTVN8touchgfx14MVPApplicationE)
 <LI><a href="#[11b]">touchgfx::Application::handlePendingScreenTransition()</a> from application.o(i._ZN8touchgfx11Application29handlePendingScreenTransitionEv) referenced from application.o(.constdata__ZTVN8touchgfx11ApplicationE)
 <LI><a href="#[115]">touchgfx::Application::draw(touchgfx::Rect&)</a> from application.o(i._ZN8touchgfx11Application4drawERNS_4RectE) referenced from frontendapplication.o(.constdata__ZTV19FrontendApplication)
 <LI><a href="#[115]">touchgfx::Application::draw(touchgfx::Rect&)</a> from application.o(i._ZN8touchgfx11Application4drawERNS_4RectE) referenced from touchgfxconfiguration.o(.constdata__ZTV23FrontendApplicationBase)
 <LI><a href="#[115]">touchgfx::Application::draw(touchgfx::Rect&)</a> from application.o(i._ZN8touchgfx11Application4drawERNS_4RectE) referenced from application.o(.constdata__ZTVN8touchgfx11ApplicationE)
 <LI><a href="#[115]">touchgfx::Application::draw(touchgfx::Rect&)</a> from application.o(i._ZN8touchgfx11Application4drawERNS_4RectE) referenced from frontendapplicationbase.o(.constdata__ZTVN8touchgfx14MVPApplicationE)
 <LI><a href="#[114]">touchgfx::Application::draw()</a> from application.o(i._ZN8touchgfx11Application4drawEv) referenced from frontendapplication.o(.constdata__ZTV19FrontendApplication)
 <LI><a href="#[114]">touchgfx::Application::draw()</a> from application.o(i._ZN8touchgfx11Application4drawEv) referenced from touchgfxconfiguration.o(.constdata__ZTV23FrontendApplicationBase)
 <LI><a href="#[114]">touchgfx::Application::draw()</a> from application.o(i._ZN8touchgfx11Application4drawEv) referenced from application.o(.constdata__ZTVN8touchgfx11ApplicationE)
 <LI><a href="#[114]">touchgfx::Application::draw()</a> from application.o(i._ZN8touchgfx11Application4drawEv) referenced from frontendapplicationbase.o(.constdata__ZTVN8touchgfx14MVPApplicationE)
 <LI><a href="#[12c]">touchgfx::CanvasWidget::setPainter(touchgfx::AbstractPainter&)</a> from canvaswidget.o(i._ZN8touchgfx12CanvasWidget10setPainterERNS_15AbstractPainterE) referenced from canvaswidget.o(.constdata__ZTVN8touchgfx12CanvasWidgetE)
 <LI><a href="#[12c]">touchgfx::CanvasWidget::setPainter(touchgfx::AbstractPainter&)</a> from canvaswidget.o(i._ZN8touchgfx12CanvasWidget10setPainterERNS_15AbstractPainterE) referenced from graphelements.o(.constdata__ZTVN8touchgfx16GraphElementLineE)
 <LI><a href="#[12c]">touchgfx::CanvasWidget::setPainter(touchgfx::AbstractPainter&)</a> from canvaswidget.o(i._ZN8touchgfx12CanvasWidget10setPainterERNS_15AbstractPainterE) referenced from graphelements.o(.constdata__ZTVN8touchgfx20AbstractGraphElementE)
 <LI><a href="#[132]">touchgfx::NoTransition::handleTickEvent()</a> from frontendapplicationbase.o(i._ZN8touchgfx12NoTransition15handleTickEventEv) referenced from frontendapplicationbase.o(.constdata__ZTVN8touchgfx12NoTransitionE)
 <LI><a href="#[131]">touchgfx::NoTransition::~NoTransition()</a> from frontendapplicationbase.o(i._ZN8touchgfx12NoTransitionD1Ev) referenced from frontendapplicationbase.o(.constdata__ZTVN8touchgfx12NoTransitionE)
 <LI><a href="#[d0]">touchgfx::DMA_Interface::addToQueue(const touchgfx::BlitOp&)</a> from dma.o(i._ZN8touchgfx13DMA_Interface10addToQueueERKNS_6BlitOpE) referenced from stm32dma.o(.constdata__ZTV10STM32H7DMA)
 <LI><a href="#[db]">touchgfx::DMA_Interface::enableAlpha(unsigned char)</a> from dma.o(i._ZN8touchgfx13DMA_Interface11enableAlphaEh) referenced from stm32dma.o(.constdata__ZTV10STM32H7DMA)
 <LI><a href="#[dc]">touchgfx::DMA_Interface::disableAlpha()</a> from dma.o(i._ZN8touchgfx13DMA_Interface12disableAlphaEv) referenced from stm32dma.o(.constdata__ZTV10STM32H7DMA)
 <LI><a href="#[d8]">touchgfx::DMA_Interface::seedExecution()</a> from dma.o(i._ZN8touchgfx13DMA_Interface13seedExecutionEv) referenced from stm32dma.o(.constdata__ZTV10STM32H7DMA)
 <LI><a href="#[d7]">touchgfx::DMA_Interface::executeCompleted()</a> from dma.o(i._ZN8touchgfx13DMA_Interface16executeCompletedEv) referenced from stm32dma.o(.constdata__ZTV10STM32H7DMA)
 <LI><a href="#[dd]">touchgfx::DMA_Interface::waitForFrameBufferSemaphore()</a> from dma.o(i._ZN8touchgfx13DMA_Interface27waitForFrameBufferSemaphoreEv) referenced from stm32dma.o(.constdata__ZTV10STM32H7DMA)
 <LI><a href="#[d1]">touchgfx::DMA_Interface::flush()</a> from stm32dma.o(i._ZN8touchgfx13DMA_Interface5flushEv) referenced from stm32dma.o(.constdata__ZTV10STM32H7DMA)
 <LI><a href="#[d3]">touchgfx::DMA_Interface::start()</a> from dma.o(i._ZN8touchgfx13DMA_Interface5startEv) referenced from stm32dma.o(.constdata__ZTV10STM32H7DMA)
 <LI><a href="#[d6]">touchgfx::DMA_Interface::execute()</a> from dma.o(i._ZN8touchgfx13DMA_Interface7executeEv) referenced from stm32dma.o(.constdata__ZTV10STM32H7DMA)
 <LI><a href="#[a7]">touchgfx::GeneratedFont::~GeneratedFont()</a> from generatedfont.o(i._ZN8touchgfx13GeneratedFontD1Ev) referenced from generatedfont.o(.constdata__ZTVN8touchgfx13GeneratedFontE)
 <LI><a href="#[a7]">touchgfx::GeneratedFont::~GeneratedFont()</a> from generatedfont.o(i._ZN8touchgfx13GeneratedFontD1Ev) referenced from table_verdana_10_4bpp.o(i._Z23getFont_verdana_10_4bppv)
 <LI><a href="#[a7]">touchgfx::GeneratedFont::~GeneratedFont()</a> from generatedfont.o(i._ZN8touchgfx13GeneratedFontD1Ev) referenced from table_verdana_20_4bpp.o(i._Z23getFont_verdana_20_4bppv)
 <LI><a href="#[a7]">touchgfx::GeneratedFont::~GeneratedFont()</a> from generatedfont.o(i._ZN8touchgfx13GeneratedFontD1Ev) referenced from table_verdana_40_4bpp.o(i._Z23getFont_verdana_40_4bppv)
 <LI><a href="#[139]">touchgfx::PainterRGB565::renderNext(unsigned char&, unsigned char&, unsigned char&, unsigned char&)</a> from painterrgb565.o(i._ZN8touchgfx13PainterRGB56510renderNextERhS1_S1_S1_) referenced from painterrgb565.o(.constdata__ZTVN8touchgfx13PainterRGB565E)
 <LI><a href="#[137]">touchgfx::PainterRGB565::render(unsigned char*, int, int, int, unsigned, const unsigned char*)</a> from painterrgb565.o(i._ZN8touchgfx13PainterRGB5656renderEPhiiijPKh) referenced from painterrgb565.o(.constdata__ZTVN8touchgfx13PainterRGB565E)
 <LI><a href="#[113]">touchgfx::MVPApplication::handlePendingScreenTransition()</a> from touchgfxconfiguration.o(i._ZN8touchgfx14MVPApplication29handlePendingScreenTransitionEv) referenced from frontendapplication.o(.constdata__ZTV19FrontendApplication)
 <LI><a href="#[113]">touchgfx::MVPApplication::handlePendingScreenTransition()</a> from touchgfxconfiguration.o(i._ZN8touchgfx14MVPApplication29handlePendingScreenTransitionEv) referenced from touchgfxconfiguration.o(.constdata__ZTV23FrontendApplicationBase)
 <LI><a href="#[113]">touchgfx::MVPApplication::handlePendingScreenTransition()</a> from touchgfxconfiguration.o(i._ZN8touchgfx14MVPApplication29handlePendingScreenTransitionEv) referenced from frontendapplicationbase.o(.constdata__ZTVN8touchgfx14MVPApplicationE)
 <LI><a href="#[13b]">touchgfx::RenderingBuffer::~RenderingBuffer()</a> from renderingbuffer.o(i._ZN8touchgfx15RenderingBufferD1Ev) referenced from renderingbuffer.o(.constdata__ZTVN8touchgfx15RenderingBufferE)
 <LI><a href="#[13d]">touchgfx::GraphElementLine::invalidateGraphPointAt(short)</a> from graphelements.o(i._ZN8touchgfx16GraphElementLine22invalidateGraphPointAtEs) referenced from graphelements.o(.constdata__ZTVN8touchgfx16GraphElementLineE)
 <LI><a href="#[145]">touchgfx::AbstractDataGraph::handleDragEvent(const touchgfx::DragEvent&)</a> from abstractdatagraph.o(i._ZN8touchgfx17AbstractDataGraph15handleDragEventERKNS_9DragEventE) referenced from abstractdatagraph.o(.constdata__ZTVN8touchgfx17AbstractDataGraphE)
 <LI><a href="#[145]">touchgfx::AbstractDataGraph::handleDragEvent(const touchgfx::DragEvent&)</a> from abstractdatagraph.o(i._ZN8touchgfx17AbstractDataGraph15handleDragEventERKNS_9DragEventE) referenced from screenviewbase.o(.constdata__ZTVN8touchgfx17GraphWrapAndClearILs100EEE)
 <LI><a href="#[145]">touchgfx::AbstractDataGraph::handleDragEvent(const touchgfx::DragEvent&)</a> from abstractdatagraph.o(i._ZN8touchgfx17AbstractDataGraph15handleDragEventERKNS_9DragEventE) referenced from graphwrapandclear.o(.constdata__ZTVN8touchgfx21DataGraphWrapAndClearE)
 <LI><a href="#[145]">touchgfx::AbstractDataGraph::handleDragEvent(const touchgfx::DragEvent&)</a> from abstractdatagraph.o(i._ZN8touchgfx17AbstractDataGraph15handleDragEventERKNS_9DragEventE) referenced from abstractdatagraph.o(.constdata__ZTVN8touchgfx22AbstractDataGraphWithYE)
 <LI><a href="#[144]">touchgfx::AbstractDataGraph::handleClickEvent(const touchgfx::ClickEvent&)</a> from abstractdatagraph.o(i._ZN8touchgfx17AbstractDataGraph16handleClickEventERKNS_10ClickEventE) referenced from abstractdatagraph.o(.constdata__ZTVN8touchgfx17AbstractDataGraphE)
 <LI><a href="#[144]">touchgfx::AbstractDataGraph::handleClickEvent(const touchgfx::ClickEvent&)</a> from abstractdatagraph.o(i._ZN8touchgfx17AbstractDataGraph16handleClickEventERKNS_10ClickEventE) referenced from screenviewbase.o(.constdata__ZTVN8touchgfx17GraphWrapAndClearILs100EEE)
 <LI><a href="#[144]">touchgfx::AbstractDataGraph::handleClickEvent(const touchgfx::ClickEvent&)</a> from abstractdatagraph.o(i._ZN8touchgfx17AbstractDataGraph16handleClickEventERKNS_10ClickEventE) referenced from graphwrapandclear.o(.constdata__ZTVN8touchgfx21DataGraphWrapAndClearE)
 <LI><a href="#[144]">touchgfx::AbstractDataGraph::handleClickEvent(const touchgfx::ClickEvent&)</a> from abstractdatagraph.o(i._ZN8touchgfx17AbstractDataGraph16handleClickEventERKNS_10ClickEventE) referenced from abstractdatagraph.o(.constdata__ZTVN8touchgfx22AbstractDataGraphWithYE)
 <LI><a href="#[148]">touchgfx::AbstractDataGraph::clear()</a> from abstractdatagraph.o(i._ZN8touchgfx17AbstractDataGraph5clearEv) referenced from abstractdatagraph.o(.constdata__ZTVN8touchgfx17AbstractDataGraphE)
 <LI><a href="#[148]">touchgfx::AbstractDataGraph::clear()</a> from abstractdatagraph.o(i._ZN8touchgfx17AbstractDataGraph5clearEv) referenced from screenviewbase.o(.constdata__ZTVN8touchgfx17GraphWrapAndClearILs100EEE)
 <LI><a href="#[148]">touchgfx::AbstractDataGraph::clear()</a> from abstractdatagraph.o(i._ZN8touchgfx17AbstractDataGraph5clearEv) referenced from graphwrapandclear.o(.constdata__ZTVN8touchgfx21DataGraphWrapAndClearE)
 <LI><a href="#[148]">touchgfx::AbstractDataGraph::clear()</a> from abstractdatagraph.o(i._ZN8touchgfx17AbstractDataGraph5clearEv) referenced from abstractdatagraph.o(.constdata__ZTVN8touchgfx22AbstractDataGraphWithYE)
 <LI><a href="#[142]">touchgfx::AbstractDataGraph::setWidth(short)</a> from abstractdatagraph.o(i._ZN8touchgfx17AbstractDataGraph8setWidthEs) referenced from abstractdatagraph.o(.constdata__ZTVN8touchgfx17AbstractDataGraphE)
 <LI><a href="#[142]">touchgfx::AbstractDataGraph::setWidth(short)</a> from abstractdatagraph.o(i._ZN8touchgfx17AbstractDataGraph8setWidthEs) referenced from screenviewbase.o(.constdata__ZTVN8touchgfx17GraphWrapAndClearILs100EEE)
 <LI><a href="#[142]">touchgfx::AbstractDataGraph::setWidth(short)</a> from abstractdatagraph.o(i._ZN8touchgfx17AbstractDataGraph8setWidthEs) referenced from graphwrapandclear.o(.constdata__ZTVN8touchgfx21DataGraphWrapAndClearE)
 <LI><a href="#[142]">touchgfx::AbstractDataGraph::setWidth(short)</a> from abstractdatagraph.o(i._ZN8touchgfx17AbstractDataGraph8setWidthEs) referenced from abstractdatagraph.o(.constdata__ZTVN8touchgfx22AbstractDataGraphWithYE)
 <LI><a href="#[143]">touchgfx::AbstractDataGraph::setHeight(short)</a> from abstractdatagraph.o(i._ZN8touchgfx17AbstractDataGraph9setHeightEs) referenced from abstractdatagraph.o(.constdata__ZTVN8touchgfx17AbstractDataGraphE)
 <LI><a href="#[143]">touchgfx::AbstractDataGraph::setHeight(short)</a> from abstractdatagraph.o(i._ZN8touchgfx17AbstractDataGraph9setHeightEs) referenced from screenviewbase.o(.constdata__ZTVN8touchgfx17GraphWrapAndClearILs100EEE)
 <LI><a href="#[143]">touchgfx::AbstractDataGraph::setHeight(short)</a> from abstractdatagraph.o(i._ZN8touchgfx17AbstractDataGraph9setHeightEs) referenced from graphwrapandclear.o(.constdata__ZTVN8touchgfx21DataGraphWrapAndClearE)
 <LI><a href="#[143]">touchgfx::AbstractDataGraph::setHeight(short)</a> from abstractdatagraph.o(i._ZN8touchgfx17AbstractDataGraph9setHeightEs) referenced from abstractdatagraph.o(.constdata__ZTVN8touchgfx22AbstractDataGraphWithYE)
 <LI><a href="#[14a]">touchgfx::AbstractPartition::~AbstractPartition__sub_object()</a> from abstractpartition.o(i._ZN8touchgfx17AbstractPartitionD2Ev) referenced from abstractpartition.o(.constdata__ZTVN8touchgfx17AbstractPartitionE)
 <LI><a href="#[14b]">touchgfx::GraphWrapAndClear&lang;(short)100&rang;::~GraphWrapAndClear()</a> from screenviewbase.o(i._ZN8touchgfx17GraphWrapAndClearILs100EED1Ev) referenced from screenviewbase.o(.constdata__ZTVN8touchgfx17GraphWrapAndClearILs100EEE)
 <LI><a href="#[15c]">touchgfx::LockFreeDMA_Queue::pushCopyOf(const touchgfx::BlitOp&)</a> from dma.o(i._ZN8touchgfx17LockFreeDMA_Queue10pushCopyOfERKNS_6BlitOpE) referenced from dma.o(.constdata__ZTVN8touchgfx17LockFreeDMA_QueueE)
 <LI><a href="#[15d]">touchgfx::LockFreeDMA_Queue::pop()</a> from dma.o(i._ZN8touchgfx17LockFreeDMA_Queue3popEv) referenced from dma.o(.constdata__ZTVN8touchgfx17LockFreeDMA_QueueE)
 <LI><a href="#[15e]">touchgfx::LockFreeDMA_Queue::first()</a> from dma.o(i._ZN8touchgfx17LockFreeDMA_Queue5firstEv) referenced from dma.o(.constdata__ZTVN8touchgfx17LockFreeDMA_QueueE)
 <LI><a href="#[15b]">touchgfx::LockFreeDMA_Queue::isFull()</a> from dma.o(i._ZN8touchgfx17LockFreeDMA_Queue6isFullEv) referenced from dma.o(.constdata__ZTVN8touchgfx17LockFreeDMA_QueueE)
 <LI><a href="#[15a]">touchgfx::LockFreeDMA_Queue::isEmpty()</a> from dma.o(i._ZN8touchgfx17LockFreeDMA_Queue7isEmptyEv) referenced from dma.o(.constdata__ZTVN8touchgfx17LockFreeDMA_QueueE)
 <LI><a href="#[138]">touchgfx::AbstractPainterRGB565::renderInit()</a> from abstractpainterrgb565.o(i._ZN8touchgfx21AbstractPainterRGB56510renderInitEv) referenced from painterrgb565.o(.constdata__ZTVN8touchgfx13PainterRGB565E)
 <LI><a href="#[138]">touchgfx::AbstractPainterRGB565::renderInit()</a> from abstractpainterrgb565.o(i._ZN8touchgfx21AbstractPainterRGB56510renderInitEv) referenced from abstractpainterrgb565.o(.constdata__ZTVN8touchgfx21AbstractPainterRGB565E)
 <LI><a href="#[13a]">touchgfx::AbstractPainterRGB565::renderPixel(unsigned short*, unsigned char, unsigned char, unsigned char)</a> from abstractpainterrgb565.o(i._ZN8touchgfx21AbstractPainterRGB56511renderPixelEPthhh) referenced from painterrgb565.o(.constdata__ZTVN8touchgfx13PainterRGB565E)
 <LI><a href="#[13a]">touchgfx::AbstractPainterRGB565::renderPixel(unsigned short*, unsigned char, unsigned char, unsigned char)</a> from abstractpainterrgb565.o(i._ZN8touchgfx21AbstractPainterRGB56511renderPixelEPthhh) referenced from abstractpainterrgb565.o(.constdata__ZTVN8touchgfx21AbstractPainterRGB565E)
 <LI><a href="#[15f]">touchgfx::AbstractPainterRGB565::render(unsigned char*, int, int, int, unsigned, const unsigned char*)</a> from abstractpainterrgb565.o(i._ZN8touchgfx21AbstractPainterRGB5656renderEPhiiijPKh) referenced from abstractpainterrgb565.o(.constdata__ZTVN8touchgfx21AbstractPainterRGB565E)
 <LI><a href="#[157]">touchgfx::DataGraphWrapAndClear::beforeAddValue()</a> from graphwrapandclear.o(i._ZN8touchgfx21DataGraphWrapAndClear14beforeAddValueEv) referenced from screenviewbase.o(.constdata__ZTVN8touchgfx17GraphWrapAndClearILs100EEE)
 <LI><a href="#[157]">touchgfx::DataGraphWrapAndClear::beforeAddValue()</a> from graphwrapandclear.o(i._ZN8touchgfx21DataGraphWrapAndClear14beforeAddValueEv) referenced from graphwrapandclear.o(.constdata__ZTVN8touchgfx21DataGraphWrapAndClearE)
 <LI><a href="#[158]">touchgfx::DataGraphWrapAndClear::addValue(int)</a> from graphwrapandclear.o(i._ZN8touchgfx21DataGraphWrapAndClear8addValueEi) referenced from screenviewbase.o(.constdata__ZTVN8touchgfx17GraphWrapAndClearILs100EEE)
 <LI><a href="#[158]">touchgfx::DataGraphWrapAndClear::addValue(int)</a> from graphwrapandclear.o(i._ZN8touchgfx21DataGraphWrapAndClear8addValueEi) referenced from graphwrapandclear.o(.constdata__ZTVN8touchgfx21DataGraphWrapAndClearE)
 <LI><a href="#[160]">touchgfx::AbstractDataGraphWithY::beforeAddValue()</a> from abstractdatagraph.o(i._ZN8touchgfx22AbstractDataGraphWithY14beforeAddValueEv) referenced from abstractdatagraph.o(.constdata__ZTVN8touchgfx22AbstractDataGraphWithYE)
 <LI><a href="#[14d]">touchgfx::AbstractDataGraphWithY::setGraphRangeX(int, int)</a> from abstractdatagraph.o(i._ZN8touchgfx22AbstractDataGraphWithY14setGraphRangeXEii) referenced from screenviewbase.o(.constdata__ZTVN8touchgfx17GraphWrapAndClearILs100EEE)
 <LI><a href="#[14d]">touchgfx::AbstractDataGraphWithY::setGraphRangeX(int, int)</a> from abstractdatagraph.o(i._ZN8touchgfx22AbstractDataGraphWithY14setGraphRangeXEii) referenced from graphwrapandclear.o(.constdata__ZTVN8touchgfx21DataGraphWrapAndClearE)
 <LI><a href="#[14d]">touchgfx::AbstractDataGraphWithY::setGraphRangeX(int, int)</a> from abstractdatagraph.o(i._ZN8touchgfx22AbstractDataGraphWithY14setGraphRangeXEii) referenced from abstractdatagraph.o(.constdata__ZTVN8touchgfx22AbstractDataGraphWithYE)
 <LI><a href="#[14e]">touchgfx::AbstractDataGraphWithY::setGraphRangeY(int, int)</a> from abstractdatagraph.o(i._ZN8touchgfx22AbstractDataGraphWithY14setGraphRangeYEii) referenced from screenviewbase.o(.constdata__ZTVN8touchgfx17GraphWrapAndClearILs100EEE)
 <LI><a href="#[14e]">touchgfx::AbstractDataGraphWithY::setGraphRangeY(int, int)</a> from abstractdatagraph.o(i._ZN8touchgfx22AbstractDataGraphWithY14setGraphRangeYEii) referenced from graphwrapandclear.o(.constdata__ZTVN8touchgfx21DataGraphWrapAndClearE)
 <LI><a href="#[14e]">touchgfx::AbstractDataGraphWithY::setGraphRangeY(int, int)</a> from abstractdatagraph.o(i._ZN8touchgfx22AbstractDataGraphWithY14setGraphRangeYEii) referenced from abstractdatagraph.o(.constdata__ZTVN8touchgfx22AbstractDataGraphWithYE)
 <LI><a href="#[151]">touchgfx::AbstractDataGraphWithY::setGraphRangeYScaled(int, int)</a> from abstractdatagraph.o(i._ZN8touchgfx22AbstractDataGraphWithY20setGraphRangeYScaledEii) referenced from screenviewbase.o(.constdata__ZTVN8touchgfx17GraphWrapAndClearILs100EEE)
 <LI><a href="#[151]">touchgfx::AbstractDataGraphWithY::setGraphRangeYScaled(int, int)</a> from abstractdatagraph.o(i._ZN8touchgfx22AbstractDataGraphWithY20setGraphRangeYScaledEii) referenced from graphwrapandclear.o(.constdata__ZTVN8touchgfx21DataGraphWrapAndClearE)
 <LI><a href="#[151]">touchgfx::AbstractDataGraphWithY::setGraphRangeYScaled(int, int)</a> from abstractdatagraph.o(i._ZN8touchgfx22AbstractDataGraphWithY20setGraphRangeYScaledEii) referenced from abstractdatagraph.o(.constdata__ZTVN8touchgfx22AbstractDataGraphWithYE)
 <LI><a href="#[14c]">touchgfx::AbstractDataGraphWithY::setScale(int)</a> from abstractdatagraph.o(i._ZN8touchgfx22AbstractDataGraphWithY8setScaleEi) referenced from screenviewbase.o(.constdata__ZTVN8touchgfx17GraphWrapAndClearILs100EEE)
 <LI><a href="#[14c]">touchgfx::AbstractDataGraphWithY::setScale(int)</a> from abstractdatagraph.o(i._ZN8touchgfx22AbstractDataGraphWithY8setScaleEi) referenced from graphwrapandclear.o(.constdata__ZTVN8touchgfx21DataGraphWrapAndClearE)
 <LI><a href="#[14c]">touchgfx::AbstractDataGraphWithY::setScale(int)</a> from abstractdatagraph.o(i._ZN8touchgfx22AbstractDataGraphWithY8setScaleEi) referenced from abstractdatagraph.o(.constdata__ZTVN8touchgfx22AbstractDataGraphWithYE)
 <LI><a href="#[167]">touchgfx::HAL::FlushCache()</a> from hal.o(i._ZN8touchgfx3HAL10FlushCacheEv) referenced from hal.o(.constdata__ZTVN8touchgfx3HALE)
 <LI><a href="#[100]">touchgfx::HAL::beginFrame()</a> from hal.o(i._ZN8touchgfx3HAL10beginFrameEv) referenced from touchgfxhal.o(.constdata__ZTV11TouchGFXHAL)
 <LI><a href="#[100]">touchgfx::HAL::beginFrame()</a> from hal.o(i._ZN8touchgfx3HAL10beginFrameEv) referenced from hal.o(.constdata__ZTVN8touchgfx3HALE)
 <LI><a href="#[fe]">touchgfx::HAL::getDMAType()</a> from touchgfxhal.o(i._ZN8touchgfx3HAL10getDMATypeEv) referenced from touchgfxhal.o(.constdata__ZTV11TouchGFXHAL)
 <LI><a href="#[fe]">touchgfx::HAL::getDMAType()</a> from touchgfxhal.o(i._ZN8touchgfx3HAL10getDMATypeEv) referenced from hal.o(.constdata__ZTVN8touchgfx3HALE)
 <LI><a href="#[f0]">touchgfx::HAL::getBlitCaps()</a> from touchgfxhal.o(i._ZN8touchgfx3HAL11getBlitCapsEv) referenced from touchgfxhal.o(.constdata__ZTV11TouchGFXHAL)
 <LI><a href="#[f0]">touchgfx::HAL::getBlitCaps()</a> from touchgfxhal.o(i._ZN8touchgfx3HAL11getBlitCapsEv) referenced from hal.o(.constdata__ZTVN8touchgfx3HALE)
 <LI><a href="#[166]">touchgfx::HAL::InvalidateCache()</a> from hal.o(i._ZN8touchgfx3HAL15InvalidateCacheEv) referenced from hal.o(.constdata__ZTVN8touchgfx3HALE)
 <LI><a href="#[ec]">touchgfx::HAL::lockFrameBuffer()</a> from hal.o(i._ZN8touchgfx3HAL15lockFrameBufferEv) referenced from touchgfxhal.o(.constdata__ZTV11TouchGFXHAL)
 <LI><a href="#[ec]">touchgfx::HAL::lockFrameBuffer()</a> from hal.o(i._ZN8touchgfx3HAL15lockFrameBufferEv) referenced from hal.o(.constdata__ZTVN8touchgfx3HALE)
 <LI><a href="#[f2]">touchgfx::HAL::blitCopyARGB8888(const unsigned short*, unsigned short, unsigned short, unsigned short, unsigned short, unsigned short, unsigned char)</a> from hal.o(i._ZN8touchgfx3HAL16blitCopyARGB8888EPKtttttth) referenced from touchgfxhal.o(.constdata__ZTV11TouchGFXHAL)
 <LI><a href="#[f2]">touchgfx::HAL::blitCopyARGB8888(const unsigned short*, unsigned short, unsigned short, unsigned short, unsigned short, unsigned short, unsigned char)</a> from hal.o(i._ZN8touchgfx3HAL16blitCopyARGB8888EPKtttttth) referenced from hal.o(.constdata__ZTVN8touchgfx3HALE)
 <LI><a href="#[163]">touchgfx::HAL::flushFrameBuffer(const touchgfx::Rect&)</a> from hal.o(i._ZN8touchgfx3HAL16flushFrameBufferERKNS_4RectE) referenced from hal.o(.constdata__ZTVN8touchgfx3HALE)
 <LI><a href="#[ea]">touchgfx::HAL::allowDMATransfers()</a> from hal.o(i._ZN8touchgfx3HAL17allowDMATransfersEv) referenced from touchgfxhal.o(.constdata__ZTV11TouchGFXHAL)
 <LI><a href="#[ea]">touchgfx::HAL::allowDMATransfers()</a> from hal.o(i._ZN8touchgfx3HAL17allowDMATransfersEv) referenced from hal.o(.constdata__ZTVN8touchgfx3HALE)
 <LI><a href="#[165]">touchgfx::HAL::getTFTCurrentLine()</a> from hal.o(i._ZN8touchgfx3HAL17getTFTCurrentLineEv) referenced from hal.o(.constdata__ZTVN8touchgfx3HALE)
 <LI><a href="#[ed]">touchgfx::HAL::unlockFrameBuffer()</a> from hal.o(i._ZN8touchgfx3HAL17unlockFrameBufferEv) referenced from touchgfxhal.o(.constdata__ZTV11TouchGFXHAL)
 <LI><a href="#[ed]">touchgfx::HAL::unlockFrameBuffer()</a> from hal.o(i._ZN8touchgfx3HAL17unlockFrameBufferEv) referenced from hal.o(.constdata__ZTVN8touchgfx3HALE)
 <LI><a href="#[f5]">touchgfx::HAL::registerEventListener(touchgfx::UIEventListener&)</a> from hal.o(i._ZN8touchgfx3HAL21registerEventListenerERNS_15UIEventListenerE) referenced from touchgfxhal.o(.constdata__ZTV11TouchGFXHAL)
 <LI><a href="#[f5]">touchgfx::HAL::registerEventListener(touchgfx::UIEventListener&)</a> from hal.o(i._ZN8touchgfx3HAL21registerEventListenerERNS_15UIEventListenerE) referenced from hal.o(.constdata__ZTVN8touchgfx3HALE)
 <LI><a href="#[e8]">touchgfx::HAL::setDisplayOrientation(touchgfx::DisplayOrientation)</a> from touchgfxhal.o(i._ZN8touchgfx3HAL21setDisplayOrientationENS_18DisplayOrientationE) referenced from touchgfxhal.o(.constdata__ZTV11TouchGFXHAL)
 <LI><a href="#[e8]">touchgfx::HAL::setDisplayOrientation(touchgfx::DisplayOrientation)</a> from touchgfxhal.o(i._ZN8touchgfx3HAL21setDisplayOrientationENS_18DisplayOrientationE) referenced from hal.o(.constdata__ZTVN8touchgfx3HALE)
 <LI><a href="#[fb]">touchgfx::HAL::configurePartialFrameBuffer(unsigned short, unsigned short, unsigned short, unsigned short)</a> from hal.o(i._ZN8touchgfx3HAL27configurePartialFrameBufferEtttt) referenced from touchgfxhal.o(.constdata__ZTV11TouchGFXHAL)
 <LI><a href="#[fb]">touchgfx::HAL::configurePartialFrameBuffer(unsigned short, unsigned short, unsigned short, unsigned short)</a> from hal.o(i._ZN8touchgfx3HAL27configurePartialFrameBufferEtttt) referenced from hal.o(.constdata__ZTVN8touchgfx3HALE)
 <LI><a href="#[fa]">touchgfx::HAL::setFrameBufferStartAddresses(void*, void*, void*)</a> from touchgfxhal.o(i._ZN8touchgfx3HAL28setFrameBufferStartAddressesEPvS1_S1_) referenced from touchgfxhal.o(.constdata__ZTV11TouchGFXHAL)
 <LI><a href="#[fa]">touchgfx::HAL::setFrameBufferStartAddresses(void*, void*, void*)</a> from touchgfxhal.o(i._ZN8touchgfx3HAL28setFrameBufferStartAddressesEPvS1_S1_) referenced from hal.o(.constdata__ZTVN8touchgfx3HALE)
 <LI><a href="#[105]">touchgfx::HAL::performDisplayOrientationChange()</a> from touchgfxhal.o(i._ZN8touchgfx3HAL31performDisplayOrientationChangeEv) referenced from touchgfxhal.o(.constdata__ZTV11TouchGFXHAL)
 <LI><a href="#[105]">touchgfx::HAL::performDisplayOrientationChange()</a> from touchgfxhal.o(i._ZN8touchgfx3HAL31performDisplayOrientationChangeEv) referenced from hal.o(.constdata__ZTVN8touchgfx3HALE)
 <LI><a href="#[ff]">touchgfx::HAL::tick()</a> from hal.o(i._ZN8touchgfx3HAL4tickEv) referenced from touchgfxhal.o(.constdata__ZTV11TouchGFXHAL)
 <LI><a href="#[ff]">touchgfx::HAL::tick()</a> from hal.o(i._ZN8touchgfx3HAL4tickEv) referenced from hal.o(.constdata__ZTVN8touchgfx3HALE)
 <LI><a href="#[103]">touchgfx::HAL::touch(int, int)</a> from hal.o(i._ZN8touchgfx3HAL5touchEii) referenced from touchgfxhal.o(.constdata__ZTV11TouchGFXHAL)
 <LI><a href="#[103]">touchgfx::HAL::touch(int, int)</a> from hal.o(i._ZN8touchgfx3HAL5touchEii) referenced from hal.o(.constdata__ZTVN8touchgfx3HALE)
 <LI><a href="#[104]">touchgfx::HAL::noTouch()</a> from hal.o(i._ZN8touchgfx3HAL7noTouchEv) referenced from touchgfxhal.o(.constdata__ZTV11TouchGFXHAL)
 <LI><a href="#[104]">touchgfx::HAL::noTouch()</a> from hal.o(i._ZN8touchgfx3HAL7noTouchEv) referenced from hal.o(.constdata__ZTVN8touchgfx3HALE)
 <LI><a href="#[f1]">touchgfx::HAL::blitCopy(const unsigned short*, unsigned short, unsigned short, unsigned short, unsigned short, unsigned short, unsigned char, bool)</a> from hal.o(i._ZN8touchgfx3HAL8blitCopyEPKtttttthb) referenced from touchgfxhal.o(.constdata__ZTV11TouchGFXHAL)
 <LI><a href="#[f1]">touchgfx::HAL::blitCopy(const unsigned short*, unsigned short, unsigned short, unsigned short, unsigned short, unsigned short, unsigned char, bool)</a> from hal.o(i._ZN8touchgfx3HAL8blitCopyEPKtttttthb) referenced from hal.o(.constdata__ZTVN8touchgfx3HALE)
 <LI><a href="#[f4]">touchgfx::HAL::blitFill(touchgfx::colortype, unsigned short, unsigned short, unsigned short, unsigned short, unsigned char)</a> from hal.o(i._ZN8touchgfx3HAL8blitFillENS_9colortypeEtttth) referenced from touchgfxhal.o(.constdata__ZTV11TouchGFXHAL)
 <LI><a href="#[f4]">touchgfx::HAL::blitFill(touchgfx::colortype, unsigned short, unsigned short, unsigned short, unsigned short, unsigned char)</a> from hal.o(i._ZN8touchgfx3HAL8blitFillENS_9colortypeEtttth) referenced from hal.o(.constdata__ZTVN8touchgfx3HALE)
 <LI><a href="#[f3]">touchgfx::HAL::blitFill(touchgfx::colortype, unsigned short, unsigned short, unsigned short, unsigned short, unsigned char, unsigned short, touchgfx::Bitmap::BitmapFormat)</a> from hal.o(i._ZN8touchgfx3HAL8blitFillENS_9colortypeEtttthtNS_6Bitmap12BitmapFormatE) referenced from touchgfxhal.o(.constdata__ZTV11TouchGFXHAL)
 <LI><a href="#[f3]">touchgfx::HAL::blitFill(touchgfx::colortype, unsigned short, unsigned short, unsigned short, unsigned short, unsigned char, unsigned short, touchgfx::Bitmap::BitmapFormat)</a> from hal.o(i._ZN8touchgfx3HAL8blitFillENS_9colortypeEtttthtNS_6Bitmap12BitmapFormatE) referenced from hal.o(.constdata__ZTVN8touchgfx3HALE)
 <LI><a href="#[101]">touchgfx::HAL::endFrame()</a> from hal.o(i._ZN8touchgfx3HAL8endFrameEv) referenced from touchgfxhal.o(.constdata__ZTV11TouchGFXHAL)
 <LI><a href="#[101]">touchgfx::HAL::endFrame()</a> from hal.o(i._ZN8touchgfx3HAL8endFrameEv) referenced from hal.o(.constdata__ZTVN8touchgfx3HALE)
 <LI><a href="#[eb]">touchgfx::HAL::flushDMA()</a> from hal.o(i._ZN8touchgfx3HAL8flushDMAEv) referenced from touchgfxhal.o(.constdata__ZTV11TouchGFXHAL)
 <LI><a href="#[eb]">touchgfx::HAL::flushDMA()</a> from hal.o(i._ZN8touchgfx3HAL8flushDMAEv) referenced from hal.o(.constdata__ZTVN8touchgfx3HALE)
 <LI><a href="#[164]">touchgfx::HAL::blockCopy(void*, const void*, unsigned)</a> from hal.o(i._ZN8touchgfx3HAL9blockCopyEPvPKvj) referenced from hal.o(.constdata__ZTVN8touchgfx3HALE)
 <LI><a href="#[fc]">touchgfx::HAL::taskDelay(unsigned short)</a> from touchgfxhal.o(i._ZN8touchgfx3HAL9taskDelayEt) referenced from touchgfxhal.o(.constdata__ZTV11TouchGFXHAL)
 <LI><a href="#[fc]">touchgfx::HAL::taskDelay(unsigned short)</a> from touchgfxhal.o(i._ZN8touchgfx3HAL9taskDelayEt) referenced from hal.o(.constdata__ZTVN8touchgfx3HALE)
 <LI><a href="#[cd]">touchgfx::Rect::Rect()</a> from application.o(i._ZN8touchgfx4RectC1Ev) referenced from application.o(t._ZN8touchgfx6VectorINS_4RectELt8EEC1Ev)
 <LI><a href="#[16a]">touchgfx::Image::setBitmap(const touchgfx::Bitmap&)</a> from image.o(i._ZN8touchgfx5Image9setBitmapERKNS_6BitmapE) referenced from image.o(.constdata__ZTVN8touchgfx5ImageE)
 <LI><a href="#[a9]">touchgfx::BlitOp::BlitOp()</a> from stm32dma.o(i._ZN8touchgfx6BlitOpC1Ev) referenced from stm32dma.o(i._ZN10STM32H7DMAC1Ev)
 <LI><a href="#[16b]">touchgfx::Canvas::~Canvas()</a> from canvas.o(i._ZN8touchgfx6CanvasD1Ev) referenced from canvas.o(.constdata__ZTVN8touchgfx6CanvasE)
 <LI><a href="#[16d]">touchgfx::Screen::setupScreen()</a> from screen.o(i._ZN8touchgfx6Screen11setupScreenEv) referenced from screen.o(.constdata__ZTVN8touchgfx6ScreenE)
 <LI><a href="#[e7]">touchgfx::Screen::handleKeyEvent(unsigned char)</a> from screenview.o(i._ZN8touchgfx6Screen14handleKeyEventEh) referenced from screenview.o(.constdata__ZTV10screenView)
 <LI><a href="#[e7]">touchgfx::Screen::handleKeyEvent(unsigned char)</a> from screenview.o(i._ZN8touchgfx6Screen14handleKeyEventEh) referenced from screenviewbase.o(.constdata__ZTV14screenViewBase)
 <LI><a href="#[e7]">touchgfx::Screen::handleKeyEvent(unsigned char)</a> from screenview.o(i._ZN8touchgfx6Screen14handleKeyEventEh) referenced from screen.o(.constdata__ZTVN8touchgfx6ScreenE)
 <LI><a href="#[10a]">touchgfx::Screen::tearDownScreen()</a> from screenviewbase.o(i._ZN8touchgfx6Screen14tearDownScreenEv) referenced from screenviewbase.o(.constdata__ZTV14screenViewBase)
 <LI><a href="#[10a]">touchgfx::Screen::tearDownScreen()</a> from screenviewbase.o(i._ZN8touchgfx6Screen14tearDownScreenEv) referenced from screen.o(.constdata__ZTVN8touchgfx6ScreenE)
 <LI><a href="#[e1]">touchgfx::Screen::afterTransition()</a> from screenview.o(i._ZN8touchgfx6Screen15afterTransitionEv) referenced from screenview.o(.constdata__ZTV10screenView)
 <LI><a href="#[e1]">touchgfx::Screen::afterTransition()</a> from screenview.o(i._ZN8touchgfx6Screen15afterTransitionEv) referenced from screenviewbase.o(.constdata__ZTV14screenViewBase)
 <LI><a href="#[e1]">touchgfx::Screen::afterTransition()</a> from screenview.o(i._ZN8touchgfx6Screen15afterTransitionEv) referenced from screen.o(.constdata__ZTVN8touchgfx6ScreenE)
 <LI><a href="#[e4]">touchgfx::Screen::handleDragEvent(const touchgfx::DragEvent&)</a> from screen.o(i._ZN8touchgfx6Screen15handleDragEventERKNS_9DragEventE) referenced from screenview.o(.constdata__ZTV10screenView)
 <LI><a href="#[e4]">touchgfx::Screen::handleDragEvent(const touchgfx::DragEvent&)</a> from screen.o(i._ZN8touchgfx6Screen15handleDragEventERKNS_9DragEventE) referenced from screenviewbase.o(.constdata__ZTV14screenViewBase)
 <LI><a href="#[e4]">touchgfx::Screen::handleDragEvent(const touchgfx::DragEvent&)</a> from screen.o(i._ZN8touchgfx6Screen15handleDragEventERKNS_9DragEventE) referenced from screen.o(.constdata__ZTVN8touchgfx6ScreenE)
 <LI><a href="#[e6]">touchgfx::Screen::handleTickEvent()</a> from screenview.o(i._ZN8touchgfx6Screen15handleTickEventEv) referenced from screenview.o(.constdata__ZTV10screenView)
 <LI><a href="#[e6]">touchgfx::Screen::handleTickEvent()</a> from screenview.o(i._ZN8touchgfx6Screen15handleTickEventEv) referenced from screenviewbase.o(.constdata__ZTV14screenViewBase)
 <LI><a href="#[e6]">touchgfx::Screen::handleTickEvent()</a> from screenview.o(i._ZN8touchgfx6Screen15handleTickEventEv) referenced from screen.o(.constdata__ZTVN8touchgfx6ScreenE)
 <LI><a href="#[e3]">touchgfx::Screen::handleClickEvent(const touchgfx::ClickEvent&)</a> from screen.o(i._ZN8touchgfx6Screen16handleClickEventERKNS_10ClickEventE) referenced from screenview.o(.constdata__ZTV10screenView)
 <LI><a href="#[e3]">touchgfx::Screen::handleClickEvent(const touchgfx::ClickEvent&)</a> from screen.o(i._ZN8touchgfx6Screen16handleClickEventERKNS_10ClickEventE) referenced from screenviewbase.o(.constdata__ZTV14screenViewBase)
 <LI><a href="#[e3]">touchgfx::Screen::handleClickEvent(const touchgfx::ClickEvent&)</a> from screen.o(i._ZN8touchgfx6Screen16handleClickEventERKNS_10ClickEventE) referenced from screen.o(.constdata__ZTVN8touchgfx6ScreenE)
 <LI><a href="#[e5]">touchgfx::Screen::handleGestureEvent(const touchgfx::GestureEvent&)</a> from screen.o(i._ZN8touchgfx6Screen18handleGestureEventERKNS_12GestureEventE) referenced from screenview.o(.constdata__ZTV10screenView)
 <LI><a href="#[e5]">touchgfx::Screen::handleGestureEvent(const touchgfx::GestureEvent&)</a> from screen.o(i._ZN8touchgfx6Screen18handleGestureEventERKNS_12GestureEventE) referenced from screenviewbase.o(.constdata__ZTV14screenViewBase)
 <LI><a href="#[e5]">touchgfx::Screen::handleGestureEvent(const touchgfx::GestureEvent&)</a> from screen.o(i._ZN8touchgfx6Screen18handleGestureEventERKNS_12GestureEventE) referenced from screen.o(.constdata__ZTVN8touchgfx6ScreenE)
 <LI><a href="#[df]">touchgfx::Screen::draw(touchgfx::Rect&)</a> from screen.o(i._ZN8touchgfx6Screen4drawERNS_4RectE) referenced from screenview.o(.constdata__ZTV10screenView)
 <LI><a href="#[df]">touchgfx::Screen::draw(touchgfx::Rect&)</a> from screen.o(i._ZN8touchgfx6Screen4drawERNS_4RectE) referenced from screenviewbase.o(.constdata__ZTV14screenViewBase)
 <LI><a href="#[df]">touchgfx::Screen::draw(touchgfx::Rect&)</a> from screen.o(i._ZN8touchgfx6Screen4drawERNS_4RectE) referenced from screen.o(.constdata__ZTVN8touchgfx6ScreenE)
 <LI><a href="#[16c]">touchgfx::Screen::~Screen()</a> from screen.o(i._ZN8touchgfx6ScreenD1Ev) referenced from screen.o(.constdata__ZTVN8touchgfx6ScreenE)
 <LI><a href="#[120]">touchgfx::Widget::getLastChild(short, short, touchgfx::Drawable**)</a> from screenviewbase.o(i._ZN8touchgfx6Widget12getLastChildEssPPNS_8DrawableE) referenced from canvaswidget.o(.constdata__ZTVN8touchgfx12CanvasWidgetE)
 <LI><a href="#[120]">touchgfx::Widget::getLastChild(short, short, touchgfx::Drawable**)</a> from screenviewbase.o(i._ZN8touchgfx6Widget12getLastChildEssPPNS_8DrawableE) referenced from graphelements.o(.constdata__ZTVN8touchgfx16GraphElementLineE)
 <LI><a href="#[120]">touchgfx::Widget::getLastChild(short, short, touchgfx::Drawable**)</a> from screenviewbase.o(i._ZN8touchgfx6Widget12getLastChildEssPPNS_8DrawableE) referenced from graphelements.o(.constdata__ZTVN8touchgfx20AbstractGraphElementE)
 <LI><a href="#[120]">touchgfx::Widget::getLastChild(short, short, touchgfx::Drawable**)</a> from screenviewbase.o(i._ZN8touchgfx6Widget12getLastChildEssPPNS_8DrawableE) referenced from box.o(.constdata__ZTVN8touchgfx3BoxE)
 <LI><a href="#[120]">touchgfx::Widget::getLastChild(short, short, touchgfx::Drawable**)</a> from screenviewbase.o(i._ZN8touchgfx6Widget12getLastChildEssPPNS_8DrawableE) referenced from image.o(.constdata__ZTVN8touchgfx5ImageE)
 <LI><a href="#[120]">touchgfx::Widget::getLastChild(short, short, touchgfx::Drawable**)</a> from screenviewbase.o(i._ZN8touchgfx6Widget12getLastChildEssPPNS_8DrawableE) referenced from screenviewbase.o(.constdata__ZTVN8touchgfx6WidgetE)
 <LI><a href="#[16e]">touchgfx::Outline::~Outline()</a> from outline.o(i._ZN8touchgfx7OutlineD1Ev) referenced from outline.o(.constdata__ZTVN8touchgfx7OutlineE)
 <LI><a href="#[16f]">touchgfx::Callback&lang;FrontendApplicationBase, void, void, void&rang;::execute()</a> from frontendapplicationbase.o(t._ZN8touchgfx8CallbackI23FrontendApplicationBasevvvE7executeEv) referenced from frontendapplicationbase.o(.constdata__ZTVN8touchgfx8CallbackI23FrontendApplicationBasevvvEE)
 <LI><a href="#[12b]">touchgfx::Drawable::setupDrawChain(const touchgfx::Rect&, touchgfx::Drawable**)</a> from screenviewbase.o(i._ZN8touchgfx8Drawable14setupDrawChainERKNS_4RectEPPS0_) referenced from canvaswidget.o(.constdata__ZTVN8touchgfx12CanvasWidgetE)
 <LI><a href="#[12b]">touchgfx::Drawable::setupDrawChain(const touchgfx::Rect&, touchgfx::Drawable**)</a> from screenviewbase.o(i._ZN8touchgfx8Drawable14setupDrawChainERKNS_4RectEPPS0_) referenced from graphelements.o(.constdata__ZTVN8touchgfx16GraphElementLineE)
 <LI><a href="#[12b]">touchgfx::Drawable::setupDrawChain(const touchgfx::Rect&, touchgfx::Drawable**)</a> from screenviewbase.o(i._ZN8touchgfx8Drawable14setupDrawChainERKNS_4RectEPPS0_) referenced from graphelements.o(.constdata__ZTVN8touchgfx20AbstractGraphElementE)
 <LI><a href="#[12b]">touchgfx::Drawable::setupDrawChain(const touchgfx::Rect&, touchgfx::Drawable**)</a> from screenviewbase.o(i._ZN8touchgfx8Drawable14setupDrawChainERKNS_4RectEPPS0_) referenced from box.o(.constdata__ZTVN8touchgfx3BoxE)
 <LI><a href="#[12b]">touchgfx::Drawable::setupDrawChain(const touchgfx::Rect&, touchgfx::Drawable**)</a> from screenviewbase.o(i._ZN8touchgfx8Drawable14setupDrawChainERKNS_4RectEPPS0_) referenced from image.o(.constdata__ZTVN8touchgfx5ImageE)
 <LI><a href="#[12b]">touchgfx::Drawable::setupDrawChain(const touchgfx::Rect&, touchgfx::Drawable**)</a> from screenviewbase.o(i._ZN8touchgfx8Drawable14setupDrawChainERKNS_4RectEPPS0_) referenced from screenviewbase.o(.constdata__ZTVN8touchgfx6WidgetE)
 <LI><a href="#[12b]">touchgfx::Drawable::setupDrawChain(const touchgfx::Rect&, touchgfx::Drawable**)</a> from screenviewbase.o(i._ZN8touchgfx8Drawable14setupDrawChainERKNS_4RectEPPS0_) referenced from drawable.o(.constdata__ZTVN8touchgfx8DrawableE)
 <LI><a href="#[129]">touchgfx::Drawable::handleDragEvent(const touchgfx::DragEvent&)</a> from screenviewbase.o(i._ZN8touchgfx8Drawable15handleDragEventERKNS_9DragEventE) referenced from canvaswidget.o(.constdata__ZTVN8touchgfx12CanvasWidgetE)
 <LI><a href="#[129]">touchgfx::Drawable::handleDragEvent(const touchgfx::DragEvent&)</a> from screenviewbase.o(i._ZN8touchgfx8Drawable15handleDragEventERKNS_9DragEventE) referenced from graphelements.o(.constdata__ZTVN8touchgfx16GraphElementLineE)
 <LI><a href="#[129]">touchgfx::Drawable::handleDragEvent(const touchgfx::DragEvent&)</a> from screenviewbase.o(i._ZN8touchgfx8Drawable15handleDragEventERKNS_9DragEventE) referenced from graphelements.o(.constdata__ZTVN8touchgfx20AbstractGraphElementE)
 <LI><a href="#[129]">touchgfx::Drawable::handleDragEvent(const touchgfx::DragEvent&)</a> from screenviewbase.o(i._ZN8touchgfx8Drawable15handleDragEventERKNS_9DragEventE) referenced from box.o(.constdata__ZTVN8touchgfx3BoxE)
 <LI><a href="#[129]">touchgfx::Drawable::handleDragEvent(const touchgfx::DragEvent&)</a> from screenviewbase.o(i._ZN8touchgfx8Drawable15handleDragEventERKNS_9DragEventE) referenced from image.o(.constdata__ZTVN8touchgfx5ImageE)
 <LI><a href="#[129]">touchgfx::Drawable::handleDragEvent(const touchgfx::DragEvent&)</a> from screenviewbase.o(i._ZN8touchgfx8Drawable15handleDragEventERKNS_9DragEventE) referenced from screenviewbase.o(.constdata__ZTVN8touchgfx6WidgetE)
 <LI><a href="#[129]">touchgfx::Drawable::handleDragEvent(const touchgfx::DragEvent&)</a> from screenviewbase.o(i._ZN8touchgfx8Drawable15handleDragEventERKNS_9DragEventE) referenced from drawable.o(.constdata__ZTVN8touchgfx8DrawableE)
 <LI><a href="#[129]">touchgfx::Drawable::handleDragEvent(const touchgfx::DragEvent&)</a> from screenviewbase.o(i._ZN8touchgfx8Drawable15handleDragEventERKNS_9DragEventE) referenced from container.o(.constdata__ZTVN8touchgfx9ContainerE)
 <LI><a href="#[12a]">touchgfx::Drawable::handleTickEvent()</a> from screenviewbase.o(i._ZN8touchgfx8Drawable15handleTickEventEv) referenced from canvaswidget.o(.constdata__ZTVN8touchgfx12CanvasWidgetE)
 <LI><a href="#[12a]">touchgfx::Drawable::handleTickEvent()</a> from screenviewbase.o(i._ZN8touchgfx8Drawable15handleTickEventEv) referenced from graphelements.o(.constdata__ZTVN8touchgfx16GraphElementLineE)
 <LI><a href="#[12a]">touchgfx::Drawable::handleTickEvent()</a> from screenviewbase.o(i._ZN8touchgfx8Drawable15handleTickEventEv) referenced from abstractdatagraph.o(.constdata__ZTVN8touchgfx17AbstractDataGraphE)
 <LI><a href="#[12a]">touchgfx::Drawable::handleTickEvent()</a> from screenviewbase.o(i._ZN8touchgfx8Drawable15handleTickEventEv) referenced from screenviewbase.o(.constdata__ZTVN8touchgfx17GraphWrapAndClearILs100EEE)
 <LI><a href="#[12a]">touchgfx::Drawable::handleTickEvent()</a> from screenviewbase.o(i._ZN8touchgfx8Drawable15handleTickEventEv) referenced from graphelements.o(.constdata__ZTVN8touchgfx20AbstractGraphElementE)
 <LI><a href="#[12a]">touchgfx::Drawable::handleTickEvent()</a> from screenviewbase.o(i._ZN8touchgfx8Drawable15handleTickEventEv) referenced from graphwrapandclear.o(.constdata__ZTVN8touchgfx21DataGraphWrapAndClearE)
 <LI><a href="#[12a]">touchgfx::Drawable::handleTickEvent()</a> from screenviewbase.o(i._ZN8touchgfx8Drawable15handleTickEventEv) referenced from abstractdatagraph.o(.constdata__ZTVN8touchgfx22AbstractDataGraphWithYE)
 <LI><a href="#[12a]">touchgfx::Drawable::handleTickEvent()</a> from screenviewbase.o(i._ZN8touchgfx8Drawable15handleTickEventEv) referenced from box.o(.constdata__ZTVN8touchgfx3BoxE)
 <LI><a href="#[12a]">touchgfx::Drawable::handleTickEvent()</a> from screenviewbase.o(i._ZN8touchgfx8Drawable15handleTickEventEv) referenced from image.o(.constdata__ZTVN8touchgfx5ImageE)
 <LI><a href="#[12a]">touchgfx::Drawable::handleTickEvent()</a> from screenviewbase.o(i._ZN8touchgfx8Drawable15handleTickEventEv) referenced from screenviewbase.o(.constdata__ZTVN8touchgfx6WidgetE)
 <LI><a href="#[12a]">touchgfx::Drawable::handleTickEvent()</a> from screenviewbase.o(i._ZN8touchgfx8Drawable15handleTickEventEv) referenced from drawable.o(.constdata__ZTVN8touchgfx8DrawableE)
 <LI><a href="#[12a]">touchgfx::Drawable::handleTickEvent()</a> from screenviewbase.o(i._ZN8touchgfx8Drawable15handleTickEventEv) referenced from container.o(.constdata__ZTVN8touchgfx9ContainerE)
 <LI><a href="#[127]">touchgfx::Drawable::handleClickEvent(const touchgfx::ClickEvent&)</a> from screenviewbase.o(i._ZN8touchgfx8Drawable16handleClickEventERKNS_10ClickEventE) referenced from canvaswidget.o(.constdata__ZTVN8touchgfx12CanvasWidgetE)
 <LI><a href="#[127]">touchgfx::Drawable::handleClickEvent(const touchgfx::ClickEvent&)</a> from screenviewbase.o(i._ZN8touchgfx8Drawable16handleClickEventERKNS_10ClickEventE) referenced from graphelements.o(.constdata__ZTVN8touchgfx16GraphElementLineE)
 <LI><a href="#[127]">touchgfx::Drawable::handleClickEvent(const touchgfx::ClickEvent&)</a> from screenviewbase.o(i._ZN8touchgfx8Drawable16handleClickEventERKNS_10ClickEventE) referenced from graphelements.o(.constdata__ZTVN8touchgfx20AbstractGraphElementE)
 <LI><a href="#[127]">touchgfx::Drawable::handleClickEvent(const touchgfx::ClickEvent&)</a> from screenviewbase.o(i._ZN8touchgfx8Drawable16handleClickEventERKNS_10ClickEventE) referenced from box.o(.constdata__ZTVN8touchgfx3BoxE)
 <LI><a href="#[127]">touchgfx::Drawable::handleClickEvent(const touchgfx::ClickEvent&)</a> from screenviewbase.o(i._ZN8touchgfx8Drawable16handleClickEventERKNS_10ClickEventE) referenced from image.o(.constdata__ZTVN8touchgfx5ImageE)
 <LI><a href="#[127]">touchgfx::Drawable::handleClickEvent(const touchgfx::ClickEvent&)</a> from screenviewbase.o(i._ZN8touchgfx8Drawable16handleClickEventERKNS_10ClickEventE) referenced from screenviewbase.o(.constdata__ZTVN8touchgfx6WidgetE)
 <LI><a href="#[127]">touchgfx::Drawable::handleClickEvent(const touchgfx::ClickEvent&)</a> from screenviewbase.o(i._ZN8touchgfx8Drawable16handleClickEventERKNS_10ClickEventE) referenced from drawable.o(.constdata__ZTVN8touchgfx8DrawableE)
 <LI><a href="#[127]">touchgfx::Drawable::handleClickEvent(const touchgfx::ClickEvent&)</a> from screenviewbase.o(i._ZN8touchgfx8Drawable16handleClickEventERKNS_10ClickEventE) referenced from container.o(.constdata__ZTVN8touchgfx9ContainerE)
[...]
<LI><a href="#[29a]">&gt;&gt;</a>&nbsp;&nbsp;&nbsp;touchgfx::Outline::getCells()
<LI><a href="#[2dc]">&gt;&gt;</a>&nbsp;&nbsp;&nbsp;touchgfx::Scanline::isReady(int) const
<LI><a href="#[2db]">&gt;&gt;</a>&nbsp;&nbsp;&nbsp;touchgfx::Rasterizer::calculateAlpha(int) const
<LI><a href="#[2de]">&gt;&gt;</a>&nbsp;&nbsp;&nbsp;touchgfx::Scanline::resetSpans()
<LI><a href="#[2dd]">&gt;&gt;</a>&nbsp;&nbsp;&nbsp;touchgfx::Renderer::render(const touchgfx::Scanline&)
</UL>
<BR>[Called By]<UL><LI><a href="#[276]">&gt;&gt;</a>&nbsp;&nbsp;&nbsp;touchgfx::Canvas::render(unsigned char)
</UL>

<P><STRONG><a name="[21f]"></a>T2* touchgfx::makeTransition&lang;screenView, screenPresenter, touchgfx::NoTransition, Model&rang;(touchgfx::Screen**, touchgfx::Presenter**, touchgfx::MVPHeap&, touchgfx::Transition**, T4*)</STRONG> (Thumb, 280 bytes, Stack size 32 bytes, frontendapplicationbase.o(t._ZN8touchgfx14makeTransitionI10screenView15screenPresenterNS_12NoTransitionE5ModelEEPT0_PPNS_6ScreenEPPNS_9PresenterERNS_7MVPHeapEPPNS_10TransitionEPT2_))
<BR><BR>[Stack]<UL><LI>Max Depth = 208 + Unknown Stack Size
<LI>Call Chain = T2* touchgfx::makeTransition&lang;screenView, screenPresenter, touchgfx::NoTransition, Model&rang;(touchgfx::Screen**, touchgfx::Presenter**, touchgfx::MVPHeap&, touchgfx::Transition**, T4*) &rArr; screenView::screenView() &rArr; screenViewBase::screenViewBase() &rArr; touchgfx::DataGraphWrapAndClear::DataGraphWrapAndClear(short, int*) &rArr; touchgfx::AbstractDataGraphWithY::AbstractDataGraphWithY__sub_object(short, int*) &rArr; touchgfx::AbstractDataGraph::AbstractDataGraph__sub_object(short) &rArr; touchgfx::AbstractDataGraph::setGraphAreaMargin(short, short, short, short) &rArr; touchgfx::AbstractDataGraph::updateAreasPosition() &rArr; touchgfx::Drawable::setPosition(short, short, short, short) &rArr; touchgfx::Drawable::setXY(short, short)
</UL>
<BR>[Calls]<UL><LI><a href="#[2e0]">&gt;&gt;</a>&nbsp;&nbsp;&nbsp;touchgfx::Screen::bindTransition(touchgfx::Transition&)
<LI><a href="#[236]">&gt;&gt;</a>&nbsp;&nbsp;&nbsp;touchgfx::Application::clearAllTimerWidgets()
<LI><a href="#[21b]">&gt;&gt;</a>&nbsp;&nbsp;&nbsp;touchgfx::Application::getInstance()
<LI><a href="#[1f5]">&gt;&gt;</a>&nbsp;&nbsp;&nbsp;screenView::screenView()
<LI><a href="#[2df]">&gt;&gt;</a>&nbsp;&nbsp;&nbsp;screenPresenter::screenPresenter(screenView&)
<LI><a href="#[195]">&gt;&gt;</a>&nbsp;&nbsp;&nbsp;abort
</UL>
<BR>[Called By]<UL><LI><a href="#[ce]">&gt;&gt;</a>&nbsp;&nbsp;&nbsp;FrontendApplicationBase::gotoscreenScreenNoTransitionImpl()
</UL>

<P><STRONG><a name="[28a]"></a>T1 touchgfx::abs&lang;int&rang;(T1)</STRONG> (Thumb, 8 bytes, Stack size 0 bytes, abstractdatagraph.o(t._ZN8touchgfx3absIiEET_S1_))
<BR><BR>[Called By]<UL><LI><a href="#[149]">&gt;&gt;</a>&nbsp;&nbsp;&nbsp;touchgfx::AbstractDataGraph::getNearestIndexForScreenX(short, short&) const
<LI><a href="#[288]">&gt;&gt;</a>&nbsp;&nbsp;&nbsp;touchgfx::muldiv(int, int, int)
</UL>

<P><STRONG><a name="[29d]"></a>T1 touchgfx::abs&lang;short&rang;(T1)</STRONG> (Thumb, 10 bytes, Stack size 0 bytes, gestures.o(t._ZN8touchgfx3absIsEET_S1_))
<BR><BR>[Called By]<UL><LI><a href="#[264]">&gt;&gt;</a>&nbsp;&nbsp;&nbsp;touchgfx::Gestures::registerDragEvent(unsigned short, unsigned short, unsigned short, unsigned short)
</UL>

<P><STRONG><a name="[229]"></a>touchgfx::Vector&lang;touchgfx::Rect, (unsigned short)8&rang;::quickRemoveAt(unsigned short)</STRONG> (Thumb, 38 bytes, Stack size 0 bytes, application.o(t._ZN8touchgfx6VectorINS_4RectELt8EE13quickRemoveAtEt))
<BR><BR>[Called By]<UL><LI><a href="#[116]">&gt;&gt;</a>&nbsp;&nbsp;&nbsp;touchgfx::Application::cacheDrawOperations(bool)
<LI><a href="#[226]">&gt;&gt;</a>&nbsp;&nbsp;&nbsp;touchgfx::Application::invalidateArea(touchgfx::Rect)
</UL>

<P><STRONG><a name="[22d]"></a>touchgfx::Vector&lang;touchgfx::Rect, (unsigned short)8&rang;::add(touchgfx::Rect)</STRONG> (Thumb, 30 bytes, Stack size 8 bytes, application.o(t._ZN8touchgfx6VectorINS_4RectELt8EE3addES1_))
<BR><BR>[Stack]<UL><LI>Max Depth = 56 + Unknown Stack Size
<LI>Call Chain = touchgfx::Vector&lang;touchgfx::Rect, (unsigned short)8&rang;::add(touchgfx::Rect) &rArr; abort &rArr; __rt_SIGABRT &rArr; __rt_SIGABRT_inner &rArr; __default_signal_display &rArr; _ttywrch
</UL>
<BR>[Calls]<UL><LI><a href="#[195]">&gt;&gt;</a>&nbsp;&nbsp;&nbsp;abort
</UL>
<BR>[Called By]<UL><LI><a href="#[116]">&gt;&gt;</a>&nbsp;&nbsp;&nbsp;touchgfx::Application::cacheDrawOperations(bool)
<LI><a href="#[226]">&gt;&gt;</a>&nbsp;&nbsp;&nbsp;touchgfx::Application::invalidateArea(touchgfx::Rect)
</UL>

<P><STRONG><a name="[230]"></a>touchgfx::Vector&lang;touchgfx::Rect, (unsigned short)8&rang;::Vector()</STRONG> (Thumb, 20 bytes, Stack size 8 bytes, application.o(t._ZN8touchgfx6VectorINS_4RectELt8EEC1Ev))
<BR><BR>[Stack]<UL><LI>Max Depth = 32<LI>Call Chain = touchgfx::Vector&lang;touchgfx::Rect, (unsigned short)8&rang;::Vector() &rArr; __aeabi_vec_ctor_nocookie_nodtor
</UL>
<BR>[Calls]<UL><LI><a href="#[1f4]">&gt;&gt;</a>&nbsp;&nbsp;&nbsp;__aeabi_vec_ctor_nocookie_nodtor
</UL>
<BR>[Called By]<UL><LI><a href="#[220]">&gt;&gt;</a>&nbsp;&nbsp;&nbsp;touchgfx::Application::Application()
<LI><a href="#[116]">&gt;&gt;</a>&nbsp;&nbsp;&nbsp;touchgfx::Application::cacheDrawOperations(bool)
</UL>

<P><STRONG><a name="[366]"></a>touchgfx::Vector&lang;touchgfx::Rect, (unsigned short)8&rang;::Vector__sub_object()</STRONG> (Thumb, 0 bytes, Stack size 8 bytes, application.o(t._ZN8touchgfx6VectorINS_4RectELt8EEC1Ev), UNUSED)

<P><STRONG><a name="[240]"></a>touchgfx::CWRUtil::Q5 touchgfx::CWRUtil::toQ5&lang;unsigned char&rang;(T1)</STRONG> (Thumb, 4 bytes, Stack size 0 bytes, graphelements.o(t._ZN8touchgfx7CWRUtil4toQ5IhEENS0_2Q5ET_))
<BR><BR>[Called By]<UL><LI><a href="#[13c]">&gt;&gt;</a>&nbsp;&nbsp;&nbsp;touchgfx::GraphElementLine::drawCanvasWidget(const touchgfx::Rect&) const
<LI><a href="#[2c6]">&gt;&gt;</a>&nbsp;&nbsp;&nbsp;touchgfx::GraphElementLine::drawIndexRange(touchgfx::Canvas&, const touchgfx::AbstractDataGraph*, short, short) const
<LI><a href="#[13d]">&gt;&gt;</a>&nbsp;&nbsp;&nbsp;touchgfx::GraphElementLine::invalidateGraphPointAt(short)
</UL>

<P><STRONG><a name="[27e]"></a>touchgfx::CWRUtil::Q5 touchgfx::CWRUtil::toQ5&lang;int&rang;(T1)</STRONG> (Thumb, 8 bytes, Stack size 8 bytes, abstractdatagraph.o(t._ZN8touchgfx7CWRUtil4toQ5IiEENS0_2Q5ET_))
<BR><BR>[Stack]<UL><LI>Max Depth = 8<LI>Call Chain = touchgfx::CWRUtil::Q5 touchgfx::CWRUtil::toQ5&lang;int&rang;(T1)
</UL>
<BR>[Called By]<UL><LI><a href="#[156]">&gt;&gt;</a>&nbsp;&nbsp;&nbsp;touchgfx::AbstractDataGraphWithY::xScreenRangeToIndexRange(short, short, short&, short&) const
<LI><a href="#[153]">&gt;&gt;</a>&nbsp;&nbsp;&nbsp;touchgfx::AbstractDataGraphWithY::valueToScreenYQ5(int) const
<LI><a href="#[2ce]">&gt;&gt;</a>&nbsp;&nbsp;&nbsp;touchgfx::CWRUtil::Q5::round() const
<LI><a href="#[28c]">&gt;&gt;</a>&nbsp;&nbsp;&nbsp;touchgfx::CWRUtil::muldiv_toQ5(int, int, int)
<LI><a href="#[278]">&gt;&gt;</a>&nbsp;&nbsp;&nbsp;touchgfx::Canvas::Canvas(const touchgfx::CanvasWidget*, const touchgfx::Rect&)
<LI><a href="#[2c7]">&gt;&gt;</a>&nbsp;&nbsp;&nbsp;touchgfx::AbstractGraphElement::roundQ5(touchgfx::CWRUtil::Q5) const
<LI><a href="#[272]">&gt;&gt;</a>&nbsp;&nbsp;&nbsp;touchgfx::Canvas::transformFrameBufferToDisplay(touchgfx::CWRUtil::Q5&, touchgfx::CWRUtil::Q5&) const
</UL>

<P><STRONG><a name="[16f]"></a>touchgfx::Callback&lang;FrontendApplicationBase, void, void, void&rang;::execute()</STRONG> (Thumb, 24 bytes, Stack size 8 bytes, frontendapplicationbase.o(t._ZN8touchgfx8CallbackI23FrontendApplicationBasevvvE7executeEv))
<BR><BR>[Stack]<UL><LI>Max Depth = 8<LI>Call Chain = touchgfx::Callback&lang;FrontendApplicationBase, void, void, void&rang;::execute()
</UL>
<BR>[Address Reference Count : 1]<UL><LI> frontendapplicationbase.o(.constdata__ZTVN8touchgfx8CallbackI23FrontendApplicationBasevvvEE)
</UL>
<P><STRONG><a name="[177]"></a>touchgfx::Partition&lang;touchgfx::meta::TypeList&lang;screenView, touchgfx::meta::TypeList&lang;touchgfx::meta::Nil, touchgfx::meta::Nil&rang;&rang;, (unsigned short)1&rang;::element_size()</STRONG> (Thumb, 6 bytes, Stack size 0 bytes, touchgfxconfiguration.o(t._ZN8touchgfx9PartitionINS_4meta8TypeListI10screenViewNS2_INS1_3NilES4_EEEELt1EE12element_sizeEv))
<BR>[Address Reference Count : 1]<UL><LI> touchgfxconfiguration.o(.constdata__ZTVN8touchgfx9PartitionINS_4meta8TypeListI10screenViewNS2_INS1_3NilES4_EEEELt1EEE)
</UL>
<P><STRONG><a name="[178]"></a>touchgfx::Partition&lang;touchgfx::meta::TypeList&lang;screenView, touchgfx::meta::TypeList&lang;touchgfx::meta::Nil, touchgfx::meta::Nil&rang;&rang;, (unsigned short)1&rang;::element(unsigned short)</STRONG> (Thumb, 14 bytes, Stack size 0 bytes, touchgfxconfiguration.o(t._ZN8touchgfx9PartitionINS_4meta8TypeListI10screenViewNS2_INS1_3NilES4_EEEELt1EE7elementEt))
<BR>[Address Reference Count : 1]<UL><LI> touchgfxconfiguration.o(.constdata__ZTVN8touchgfx9PartitionINS_4meta8TypeListI10screenViewNS2_INS1_3NilES4_EEEELt1EEE)
</UL>
<P><STRONG><a name="[179]"></a>touchgfx::Partition&lang;touchgfx::meta::TypeList&lang;screenPresenter, touchgfx::meta::TypeList&lang;touchgfx::meta::Nil, touchgfx::meta::Nil&rang;&rang;, (unsigned short)1&rang;::element_size()</STRONG> (Thumb, 4 bytes, Stack size 0 bytes, touchgfxconfiguration.o(t._ZN8touchgfx9PartitionINS_4meta8TypeListI15screenPresenterNS2_INS1_3NilES4_EEEELt1EE12element_sizeEv))
<BR>[Address Reference Count : 1]<UL><LI> touchgfxconfiguration.o(.constdata__ZTVN8touchgfx9PartitionINS_4meta8TypeListI15screenPresenterNS2_INS1_3NilES4_EEEELt1EEE)
</UL>
<P><STRONG><a name="[17a]"></a>touchgfx::Partition&lang;touchgfx::meta::TypeList&lang;screenPresenter, touchgfx::meta::TypeList&lang;touchgfx::meta::Nil, touchgfx::meta::Nil&rang;&rang;, (unsigned short)1&rang;::element(unsigned short)</STRONG> (Thumb, 8 bytes, Stack size 0 bytes, touchgfxconfiguration.o(t._ZN8touchgfx9PartitionINS_4meta8TypeListI15screenPresenterNS2_INS1_3NilES4_EEEELt1EE7elementEt))
<BR>[Address Reference Count : 1]<UL><LI> touchgfxconfiguration.o(.constdata__ZTVN8touchgfx9PartitionINS_4meta8TypeListI15screenPresenterNS2_INS1_3NilES4_EEEELt1EEE)
</UL>
<P><STRONG><a name="[17b]"></a>touchgfx::Partition&lang;touchgfx::meta::TypeList&lang;touchgfx::NoTransition, touchgfx::meta::TypeList&lang;touchgfx::meta::Nil, touchgfx::meta::Nil&rang;&rang;, (unsigned short)1&rang;::element_size()</STRONG> (Thumb, 4 bytes, Stack size 0 bytes, touchgfxconfiguration.o(t._ZN8touchgfx9PartitionINS_4meta8TypeListINS_12NoTransitionENS2_INS1_3NilES4_EEEELt1EE12element_sizeEv))
<BR>[Address Reference Count : 1]<UL><LI> touchgfxconfiguration.o(.constdata__ZTVN8touchgfx9PartitionINS_4meta8TypeListINS_12NoTransitionENS2_INS1_3NilES4_EEEELt1EEE)
</UL>
<P><STRONG><a name="[17c]"></a>touchgfx::Partition&lang;touchgfx::meta::TypeList&lang;touchgfx::NoTransition, touchgfx::meta::TypeList&lang;touchgfx::meta::Nil, touchgfx::meta::Nil&rang;&rang;, (unsigned short)1&rang;::element(unsigned short)</STRONG> (Thumb, 12 bytes, Stack size 0 bytes, touchgfxconfiguration.o(t._ZN8touchgfx9PartitionINS_4meta8TypeListINS_12NoTransitionENS2_INS1_3NilES4_EEEELt1EE7elementEt))
<BR>[Address Reference Count : 1]<UL><LI> touchgfxconfiguration.o(.constdata__ZTVN8touchgfx9PartitionINS_4meta8TypeListINS_12NoTransitionENS2_INS1_3NilES4_EEEELt1EEE)
</UL>
<P><STRONG><a name="[2d0]"></a>T1 touchgfx::CWRUtil::Q5::to&lang;int&rang;() const</STRONG> (Thumb, 12 bytes, Stack size 0 bytes, abstractdatagraph.o(t._ZNK8touchgfx7CWRUtil2Q52toIiEET_v))
<BR><BR>[Called By]<UL><LI><a href="#[156]">&gt;&gt;</a>&nbsp;&nbsp;&nbsp;touchgfx::AbstractDataGraphWithY::xScreenRangeToIndexRange(short, short, short&, short&) const
<LI><a href="#[2ce]">&gt;&gt;</a>&nbsp;&nbsp;&nbsp;touchgfx::CWRUtil::Q5::round() const
<LI><a href="#[2c9]">&gt;&gt;</a>&nbsp;&nbsp;&nbsp;touchgfx::CWRUtil::Q5::ceil() const
<LI><a href="#[2cf]">&gt;&gt;</a>&nbsp;&nbsp;&nbsp;touchgfx::AbstractGraphElement::rectFromQ5Coordinates(touchgfx::CWRUtil::Q5, touchgfx::CWRUtil::Q5, touchgfx::CWRUtil::Q5, touchgfx::CWRUtil::Q5) const
</UL>

<P><STRONG><a name="[170]"></a>touchgfx::Callback&lang;FrontendApplicationBase, void, void, void&rang;::isValid() const</STRONG> (Thumb, 24 bytes, Stack size 0 bytes, frontendapplicationbase.o(t._ZNK8touchgfx8CallbackI23FrontendApplicationBasevvvE7isValidEv))
<BR>[Address Reference Count : 1]<UL><LI> frontendapplicationbase.o(.constdata__ZTVN8touchgfx8CallbackI23FrontendApplicationBasevvvEE)
</UL>
<P><STRONG><a name="[184]"></a>_fp_init</STRONG> (Thumb, 10 bytes, Stack size 0 bytes, fpinit.o(x$fpl$fpinit))
<BR><BR>[Called By]<UL><LI><a href="#[183]">&gt;&gt;</a>&nbsp;&nbsp;&nbsp;__rt_lib_init_fp_1
</UL>

<P><STRONG><a name="[367]"></a>__fplib_config_fpu_vfp</STRONG> (Thumb, 0 bytes, Stack size unknown bytes, fpinit.o(x$fpl$fpinit), UNUSED)

<P><STRONG><a name="[368]"></a>__fplib_config_pureend_doubles</STRONG> (Thumb, 0 bytes, Stack size unknown bytes, fpinit.o(x$fpl$fpinit), UNUSED)
<P>
<H3>
Local Symbols
</H3>
<P><STRONG><a name="[1b7]"></a>HAL_FMC_MspInit</STRONG> (Thumb, 234 bytes, Stack size 232 bytes, fmc.o(i.HAL_FMC_MspInit))
<BR><BR>[Stack]<UL><LI>Max Depth = 312<LI>Call Chain = HAL_FMC_MspInit &rArr; HAL_RCCEx_PeriphCLKConfig &rArr; RCCEx_PLL3_Config
</UL>
<BR>[Calls]<UL><LI><a href="#[1b9]">&gt;&gt;</a>&nbsp;&nbsp;&nbsp;HAL_RCCEx_PeriphCLKConfig (via Veneer)
<LI><a href="#[1bb]">&gt;&gt;</a>&nbsp;&nbsp;&nbsp;HAL_GPIO_Init (via Veneer)
<LI><a href="#[1ba]">&gt;&gt;</a>&nbsp;&nbsp;&nbsp;Error_Handler
<LI><a href="#[1b8]">&gt;&gt;</a>&nbsp;&nbsp;&nbsp;__aeabi_memclr4
</UL>
<BR>[Called By]<UL><LI><a href="#[1d3]">&gt;&gt;</a>&nbsp;&nbsp;&nbsp;HAL_SDRAM_MspInit
</UL>

<P><STRONG><a name="[17d]"></a>__sti___25_TouchGFXConfiguration_cpp_f5abfd34</STRONG> (Thumb, 104 bytes, Stack size 24 bytes, touchgfxconfiguration.o(i.__sti___25_TouchGFXConfiguration_cpp_f5abfd34))
<BR><BR>[Stack]<UL><LI>Max Depth = 96<LI>Call Chain = __sti___25_TouchGFXConfiguration_cpp_f5abfd34 &rArr; __aeabi_atexit &rArr; malloc &rArr; __Heap_Full &rArr; __Heap_ProvideMemory &rArr; free
</UL>
<BR>[Calls]<UL><LI><a href="#[2d5]">&gt;&gt;</a>&nbsp;&nbsp;&nbsp;touchgfx::LCD16bpp::LCD16bpp()
<LI><a href="#[1f2]">&gt;&gt;</a>&nbsp;&nbsp;&nbsp;STM32H7DMA::STM32H7DMA()
<LI><a href="#[2d6]">&gt;&gt;</a>&nbsp;&nbsp;&nbsp;touchgfx::HAL::HAL__sub_object(touchgfx::DMA_Interface&, touchgfx::LCD&, touchgfx::TouchController&, unsigned short, unsigned short)
<LI><a href="#[197]">&gt;&gt;</a>&nbsp;&nbsp;&nbsp;__aeabi_atexit
</UL>
<BR>[Address Reference Count : 1]<UL><LI> touchgfxconfiguration.o(.init_array)
</UL>
<P><STRONG><a name="[21c]"></a>__NVIC_EnableIRQ(IRQn_Type)</STRONG> (Thumb, 26 bytes, Stack size 0 bytes, touchgfxgeneratedhal.o(i._Z16__NVIC_EnableIRQ9IRQn_Type))
<BR><BR>[Called By]<UL><LI><a href="#[1f9]">&gt;&gt;</a>&nbsp;&nbsp;&nbsp;TouchGFXGeneratedHAL::enableInterrupts()
</UL>

<P><STRONG><a name="[21d]"></a>__NVIC_DisableIRQ(IRQn_Type)</STRONG> (Thumb, 34 bytes, Stack size 0 bytes, touchgfxgeneratedhal.o(i._Z17__NVIC_DisableIRQ9IRQn_Type))
<BR><BR>[Called By]<UL><LI><a href="#[1fb]">&gt;&gt;</a>&nbsp;&nbsp;&nbsp;TouchGFXGeneratedHAL::disableInterrupts()
</UL>

<P><STRONG><a name="[21e]"></a>__NVIC_SetPriority(IRQn_Type, unsigned)</STRONG> (Thumb, 34 bytes, Stack size 0 bytes, touchgfxgeneratedhal.o(i._Z18__NVIC_SetPriority9IRQn_Typej))
<BR><BR>[Called By]<UL><LI><a href="#[1fd]">&gt;&gt;</a>&nbsp;&nbsp;&nbsp;TouchGFXGeneratedHAL::configureInterrupts()
</UL>

<P><STRONG><a name="[a8]"></a>DMA2D_XferCpltCallback(__DMA2D_HandleTypeDef*)</STRONG> (Thumb, 12 bytes, Stack size 0 bytes, stm32dma.o(i._Z22DMA2D_XferCpltCallbackP21__DMA2D_HandleTypeDef))
<BR>[Address Reference Count : 1]<UL><LI> stm32dma.o(i._ZN10STM32H7DMA10initializeEv)
</UL>
<P><STRONG><a name="[1d0]"></a>__NVIC_SetPriority</STRONG> (Thumb, 34 bytes, Stack size 0 bytes, stm32h7xx_hal_cortex.o(i.__NVIC_SetPriority))
<BR><BR>[Called By]<UL><LI><a href="#[1b3]">&gt;&gt;</a>&nbsp;&nbsp;&nbsp;HAL_NVIC_SetPriority
<LI><a href="#[1c1]">&gt;&gt;</a>&nbsp;&nbsp;&nbsp;HAL_SYSTICK_Config
</UL>

<P><STRONG><a name="[2e4]"></a>RCCEx_PLL2_Config</STRONG> (Thumb, 284 bytes, Stack size 32 bytes, stm32h7xx_hal_rcc_ex.o(i.RCCEx_PLL2_Config))
<BR><BR>[Stack]<UL><LI>Max Depth = 32<LI>Call Chain = RCCEx_PLL2_Config
</UL>
<BR>[Calls]<UL><LI><a href="#[1b6]">&gt;&gt;</a>&nbsp;&nbsp;&nbsp;HAL_GetTick (via Veneer)
</UL>
<BR>[Called By]<UL><LI><a href="#[1b9]">&gt;&gt;</a>&nbsp;&nbsp;&nbsp;HAL_RCCEx_PeriphCLKConfig
</UL>

<P><STRONG><a name="[2e5]"></a>RCCEx_PLL3_Config</STRONG> (Thumb, 284 bytes, Stack size 32 bytes, stm32h7xx_hal_rcc_ex.o(i.RCCEx_PLL3_Config))
<BR><BR>[Stack]<UL><LI>Max Depth = 32<LI>Call Chain = RCCEx_PLL3_Config
</UL>
<BR>[Calls]<UL><LI><a href="#[1b6]">&gt;&gt;</a>&nbsp;&nbsp;&nbsp;HAL_GetTick (via Veneer)
</UL>
<BR>[Called By]<UL><LI><a href="#[1b9]">&gt;&gt;</a>&nbsp;&nbsp;&nbsp;HAL_RCCEx_PeriphCLKConfig
</UL>

<P><STRONG><a name="[1c4]"></a>LTDC_SetConfig</STRONG> (Thumb, 464 bytes, Stack size 48 bytes, stm32h7xx_hal_ltdc.o(i.LTDC_SetConfig))
<BR><BR>[Stack]<UL><LI>Max Depth = 48<LI>Call Chain = LTDC_SetConfig
</UL>
<BR>[Called By]<UL><LI><a href="#[1c2]">&gt;&gt;</a>&nbsp;&nbsp;&nbsp;HAL_LTDC_ConfigLayer
</UL>

<P><STRONG><a name="[17e]"></a>__sti___21_typedtextdatabase_cpp_05ec7672</STRONG> (Thumb, 24 bytes, Stack size 8 bytes, typedtextdatabase.o(i.__sti___21_typedtextdatabase_cpp_05ec7672))
<BR><BR>[Stack]<UL><LI>Max Depth = 152<LI>Call Chain = __sti___21_typedtextdatabase_cpp_05ec7672 &rArr; getFont_verdana_40_4bpp() &rArr; touchgfx::GeneratedFont::GeneratedFont(const touchgfx::GlyphNode*, unsigned short, unsigned short, unsigned char, unsigned char, unsigned char, unsigned char, unsigned char, const unsigned char*const *, const touchgfx::KerningNode*, unsigned short, unsigned short, const unsigned short*) &rArr; touchgfx::ConstFont::ConstFont__sub_object(const touchgfx::GlyphNode*, unsigned short, unsigned short, unsigned char, unsigned char, unsigned char, unsigned char, unsigned char, unsigned short, unsigned short)
</UL>
<BR>[Calls]<UL><LI><a href="#[1ef]">&gt;&gt;</a>&nbsp;&nbsp;&nbsp;getFont_verdana_40_4bpp()
<LI><a href="#[1ee]">&gt;&gt;</a>&nbsp;&nbsp;&nbsp;getFont_verdana_20_4bpp()
<LI><a href="#[1eb]">&gt;&gt;</a>&nbsp;&nbsp;&nbsp;getFont_verdana_10_4bpp()
</UL>
<BR>[Address Reference Count : 1]<UL><LI> typedtextdatabase.o(.init_array)
</UL>
<P><STRONG><a name="[17f]"></a>__sti___15_Application_cpp_63cd8d44</STRONG> (Thumb, 20 bytes, Stack size 8 bytes, application.o(i.__sti___15_Application_cpp_63cd8d44))
<BR><BR>[Stack]<UL><LI>Max Depth = 16<LI>Call Chain = __sti___15_Application_cpp_63cd8d44 &rArr; touchgfx::Rect::Rect(short, short, short, short)
</UL>
<BR>[Calls]<UL><LI><a href="#[22f]">&gt;&gt;</a>&nbsp;&nbsp;&nbsp;touchgfx::Rect::Rect(short, short, short, short)
</UL>
<BR>[Address Reference Count : 1]<UL><LI> application.o(.init_array)
</UL>
<P><STRONG><a name="[180]"></a>__sti___7_LCD_cpp_86507772</STRONG> (Thumb, 8 bytes, Stack size 0 bytes, lcd.o(i.__sti___7_LCD_cpp_86507772))
<BR>[Address Reference Count : 1]<UL><LI> lcd.o(.init_array)
</UL>
<P><STRONG><a name="[291]"></a>touchgfx::lessThan(const touchgfx::Cell*, const touchgfx::Cell*)</STRONG> (Thumb, 32 bytes, Stack size 0 bytes, outline.o(i._ZN8touchgfx8lessThanEPKNS_4CellES2_))
<BR><BR>[Called By]<UL><LI><a href="#[28f]">&gt;&gt;</a>&nbsp;&nbsp;&nbsp;touchgfx::Outline::qsortCells(touchgfx::Cell*, unsigned)
</UL>

<P><STRONG><a name="[290]"></a>touchgfx::swapCells(touchgfx::Cell*, touchgfx::Cell*)</STRONG> (Thumb, 20 bytes, Stack size 8 bytes, outline.o(i._ZN8touchgfx9swapCellsEPNS_4CellES1_))
<BR><BR>[Stack]<UL><LI>Max Depth = 8<LI>Call Chain = touchgfx::swapCells(touchgfx::Cell*, touchgfx::Cell*)
</UL>
<BR>[Called By]<UL><LI><a href="#[28f]">&gt;&gt;</a>&nbsp;&nbsp;&nbsp;touchgfx::Outline::qsortCells(touchgfx::Cell*, unsigned)
</UL>
<P>
<H3>
Undefined Global Symbols
</H3><HR></body></html>
